/fssmall/home/h61084/codes/selectime/.venv/lib/python3.12/site-packages/gluonts/time_feature/seasonality.py:47: FutureWarning: 'T' is deprecated and will be removed in a future version, please use 'min' instead.
  offset = pd.tseries.frequencies.to_offset(freq)
/fssmall/home/h61084/codes/selectime/.venv/lib/python3.12/site-packages/gluonts/time_feature/seasonality.py:47: FutureWarning: 'H' is deprecated and will be removed in a future version, please use 'h' instead.
  offset = pd.tseries.frequencies.to_offset(freq)
/fssmall/home/h61084/codes/selectime/.venv/lib/python3.12/site-packages/gluonts/time_feature/seasonality.py:47: FutureWarning: 'M' is deprecated and will be removed in a future version, please use 'ME' instead.
  offset = pd.tseries.frequencies.to_offset(freq)
/fssmall/home/h61084/codes/selectime/.venv/lib/python3.12/site-packages/gluonts/time_feature/seasonality.py:47: FutureWarning: 'Q' is deprecated and will be removed in a future version, please use 'QE' instead.
  offset = pd.tseries.frequencies.to_offset(freq)
/fssmall/home/h61084/codes/selectime/src/timebench/data/windows.py:66: FutureWarning: Period with BDay freq is deprecated and will be removed in a future version. Use a DatetimeIndex with BDay freq instead.
  period = pd.Period(pd.Timestamp(row['start']), freq=frequency)
/fssmall/home/h61084/codes/selectime/.venv/lib/python3.12/site-packages/gluonts/time_feature/seasonality.py:47: FutureWarning: 'T' is deprecated and will be removed in a future version, please use 'min' instead.
  offset = pd.tseries.frequencies.to_offset(freq)
/fssmall/home/h61084/codes/selectime/.venv/lib/python3.12/site-packages/gluonts/time_feature/seasonality.py:47: FutureWarning: 'H' is deprecated and will be removed in a future version, please use 'h' instead.
  offset = pd.tseries.frequencies.to_offset(freq)
/fssmall/home/h61084/codes/selectime/.venv/lib/python3.12/site-packages/gluonts/time_feature/seasonality.py:47: FutureWarning: 'M' is deprecated and will be removed in a future version, please use 'ME' instead.
  offset = pd.tseries.frequencies.to_offset(freq)
/fssmall/home/h61084/codes/selectime/.venv/lib/python3.12/site-packages/gluonts/time_feature/seasonality.py:47: FutureWarning: 'Q' is deprecated and will be removed in a future version, please use 'QE' instead.
  offset = pd.tseries.frequencies.to_offset(freq)
/fssmall/home/h61084/codes/selectime/src/timebench/data/windows.py:66: FutureWarning: Period with BDay freq is deprecated and will be removed in a future version. Use a DatetimeIndex with BDay freq instead.
  period = pd.Period(pd.Timestamp(row['start']), freq=frequency)
/fssmall/home/h61084/codes/selectime/src/timebench/data/windows.py:66: FutureWarning: Period with BDay freq is deprecated and will be removed in a future version. Use a DatetimeIndex with BDay freq instead.
  period = pd.Period(pd.Timestamp(row['start']), freq=frequency)
/fssmall/home/h61084/codes/selectime/.venv/lib/python3.12/site-packages/gluonts/time_feature/seasonality.py:47: FutureWarning: 'T' is deprecated and will be removed in a future version, please use 'min' instead.
  offset = pd.tseries.frequencies.to_offset(freq)
/fssmall/home/h61084/codes/selectime/.venv/lib/python3.12/site-packages/gluonts/time_feature/seasonality.py:47: FutureWarning: 'H' is deprecated and will be removed in a future version, please use 'h' instead.
  offset = pd.tseries.frequencies.to_offset(freq)
/fssmall/home/h61084/codes/selectime/.venv/lib/python3.12/site-packages/gluonts/time_feature/seasonality.py:47: FutureWarning: 'M' is deprecated and will be removed in a future version, please use 'ME' instead.
  offset = pd.tseries.frequencies.to_offset(freq)
/fssmall/home/h61084/codes/selectime/.venv/lib/python3.12/site-packages/gluonts/time_feature/seasonality.py:47: FutureWarning: 'Q' is deprecated and will be removed in a future version, please use 'QE' instead.
  offset = pd.tseries.frequencies.to_offset(freq)
/fssmall/home/h61084/codes/selectime/src/timebench/data/windows.py:66: FutureWarning: Period with BDay freq is deprecated and will be removed in a future version. Use a DatetimeIndex with BDay freq instead.
  period = pd.Period(pd.Timestamp(row['start']), freq=frequency)
/fssmall/home/h61084/codes/selectime/.venv/lib/python3.12/site-packages/gluonts/time_feature/seasonality.py:47: FutureWarning: 'T' is deprecated and will be removed in a future version, please use 'min' instead.
  offset = pd.tseries.frequencies.to_offset(freq)
/fssmall/home/h61084/codes/selectime/.venv/lib/python3.12/site-packages/gluonts/time_feature/seasonality.py:47: FutureWarning: 'H' is deprecated and will be removed in a future version, please use 'h' instead.
  offset = pd.tseries.frequencies.to_offset(freq)
/fssmall/home/h61084/codes/selectime/.venv/lib/python3.12/site-packages/gluonts/time_feature/seasonality.py:47: FutureWarning: 'M' is deprecated and will be removed in a future version, please use 'ME' instead.
  offset = pd.tseries.frequencies.to_offset(freq)
/fssmall/home/h61084/codes/selectime/.venv/lib/python3.12/site-packages/gluonts/time_feature/seasonality.py:47: FutureWarning: 'Q' is deprecated and will be removed in a future version, please use 'QE' instead.
  offset = pd.tseries.frequencies.to_offset(freq)
Error executing job with overrides: ['vanilla_predictions_path=/scratch/users/h61084/codes/evaluating_tsfms/outputs/foundation_models/inference', 'model=ts_icl', 'experiment_mode=full', 'stage=predict_validation', 'prediction_group=remaining']
Traceback (most recent call last):
  File "/fssmall/home/h61084/codes/selectime/src/scripts/run_selectime.py", line 10, in main
    run(config)
  File "/fssmall/home/h61084/codes/selectime/src/timebench/scripts/entry.py", line 17, in run
    Workflow(resolved).run(stage or resolved['stage'])
  File "/fssmall/home/h61084/codes/selectime/src/timebench/pipeline/workflow.py", line 891, in run
    self.predict(stage.removeprefix('predict_'))
  File "/fssmall/home/h61084/codes/selectime/src/timebench/pipeline/workflow.py", line 607, in predict
    forecasts = model.forecast(histories, task.prediction_length,
                ^^^^^^^^^^^^^^^^^^^^^^^^^^^^^^^^^^^^^^^^^^^^^^^^^
  File "/fssmall/home/h61084/codes/selectime/src/timebench/model_loading/ts_icl.py", line 52, in forecast
    _, quantiles = self.pipeline.forecast(
                   ^^^^^^^^^^^^^^^^^^^^^^^
  File "/fssmall/home/h61084/codes/selectime/.venv/lib/python3.12/site-packages/torch/utils/_contextlib.py", line 120, in decorate_context
    return func(*args, **kwargs)
           ^^^^^^^^^^^^^^^^^^^^^
  File "/fssmall/home/h61084/codes/selectime/.venv/lib/python3.12/site-packages/tsicl/pipeline.py", line 765, in forecast
    mean, quantiles = self._predict_main(
                      ^^^^^^^^^^^^^^^^^^^
  File "/fssmall/home/h61084/codes/selectime/.venv/lib/python3.12/site-packages/tsicl/pipeline.py", line 1017, in _predict_main
    yhat = pred_fn(
           ^^^^^^^^
  File "/fssmall/home/h61084/codes/selectime/.venv/lib/python3.12/site-packages/tsicl/pipeline.py", line 1101, in _rollout_f
    covariates_ii = torch.cat([
                    ^^^^^^^^^^^
RuntimeError: Sizes of tensors must match except in dimension 0. Expected size 4096 but got size 672 for tensor number 1 in the list.

Set the environment variable HYDRA_FULL_ERROR=1 for a complete stack trace.
srun: error: sean0002: task 0: Exited with exit code 1
