/fssmall/home/h61084/codes/selectime/.venv/lib/python3.12/site-packages/gluonts/time_feature/seasonality.py:47: FutureWarning: 'T' is deprecated and will be removed in a future version, please use 'min' instead.
  offset = pd.tseries.frequencies.to_offset(freq)
/fssmall/home/h61084/codes/selectime/.venv/lib/python3.12/site-packages/gluonts/time_feature/seasonality.py:47: FutureWarning: 'H' is deprecated and will be removed in a future version, please use 'h' instead.
  offset = pd.tseries.frequencies.to_offset(freq)
/fssmall/home/h61084/codes/selectime/.venv/lib/python3.12/site-packages/gluonts/time_feature/seasonality.py:47: FutureWarning: 'M' is deprecated and will be removed in a future version, please use 'ME' instead.
  offset = pd.tseries.frequencies.to_offset(freq)
/fssmall/home/h61084/codes/selectime/.venv/lib/python3.12/site-packages/gluonts/time_feature/seasonality.py:47: FutureWarning: 'Q' is deprecated and will be removed in a future version, please use 'QE' instead.
  offset = pd.tseries.frequencies.to_offset(freq)
/fssmall/home/h61084/codes/selectime/src/timebench/data/windows.py:66: FutureWarning: Period with BDay freq is deprecated and will be removed in a future version. Use a DatetimeIndex with BDay freq instead.
  period = pd.Period(pd.Timestamp(row['start']), freq=frequency)
/fssmall/home/h61084/codes/selectime/.venv/lib/python3.12/site-packages/gluonts/time_feature/seasonality.py:47: FutureWarning: 'T' is deprecated and will be removed in a future version, please use 'min' instead.
  offset = pd.tseries.frequencies.to_offset(freq)
/fssmall/home/h61084/codes/selectime/.venv/lib/python3.12/site-packages/gluonts/time_feature/seasonality.py:47: FutureWarning: 'H' is deprecated and will be removed in a future version, please use 'h' instead.
  offset = pd.tseries.frequencies.to_offset(freq)
/fssmall/home/h61084/codes/selectime/.venv/lib/python3.12/site-packages/gluonts/time_feature/seasonality.py:47: FutureWarning: 'M' is deprecated and will be removed in a future version, please use 'ME' instead.
  offset = pd.tseries.frequencies.to_offset(freq)
/fssmall/home/h61084/codes/selectime/.venv/lib/python3.12/site-packages/gluonts/time_feature/seasonality.py:47: FutureWarning: 'Q' is deprecated and will be removed in a future version, please use 'QE' instead.
  offset = pd.tseries.frequencies.to_offset(freq)
/fssmall/home/h61084/codes/selectime/src/timebench/data/windows.py:66: FutureWarning: Period with BDay freq is deprecated and will be removed in a future version. Use a DatetimeIndex with BDay freq instead.
  period = pd.Period(pd.Timestamp(row['start']), freq=frequency)
/fssmall/home/h61084/codes/selectime/src/timebench/data/windows.py:66: FutureWarning: Period with BDay freq is deprecated and will be removed in a future version. Use a DatetimeIndex with BDay freq instead.
  period = pd.Period(pd.Timestamp(row['start']), freq=frequency)
/fssmall/home/h61084/codes/selectime/.venv/lib/python3.12/site-packages/gluonts/time_feature/seasonality.py:47: FutureWarning: 'T' is deprecated and will be removed in a future version, please use 'min' instead.
  offset = pd.tseries.frequencies.to_offset(freq)
/fssmall/home/h61084/codes/selectime/.venv/lib/python3.12/site-packages/gluonts/time_feature/seasonality.py:47: FutureWarning: 'H' is deprecated and will be removed in a future version, please use 'h' instead.
  offset = pd.tseries.frequencies.to_offset(freq)
/fssmall/home/h61084/codes/selectime/.venv/lib/python3.12/site-packages/gluonts/time_feature/seasonality.py:47: FutureWarning: 'M' is deprecated and will be removed in a future version, please use 'ME' instead.
  offset = pd.tseries.frequencies.to_offset(freq)
/fssmall/home/h61084/codes/selectime/.venv/lib/python3.12/site-packages/gluonts/time_feature/seasonality.py:47: FutureWarning: 'Q' is deprecated and will be removed in a future version, please use 'QE' instead.
  offset = pd.tseries.frequencies.to_offset(freq)
/fssmall/home/h61084/codes/selectime/src/timebench/data/windows.py:66: FutureWarning: Period with BDay freq is deprecated and will be removed in a future version. Use a DatetimeIndex with BDay freq instead.
  period = pd.Period(pd.Timestamp(row['start']), freq=frequency)
/fssmall/home/h61084/codes/selectime/.venv/lib/python3.12/site-packages/gluonts/time_feature/seasonality.py:47: FutureWarning: 'T' is deprecated and will be removed in a future version, please use 'min' instead.
  offset = pd.tseries.frequencies.to_offset(freq)
/fssmall/home/h61084/codes/selectime/.venv/lib/python3.12/site-packages/gluonts/time_feature/seasonality.py:47: FutureWarning: 'H' is deprecated and will be removed in a future version, please use 'h' instead.
  offset = pd.tseries.frequencies.to_offset(freq)
/fssmall/home/h61084/codes/selectime/.venv/lib/python3.12/site-packages/gluonts/time_feature/seasonality.py:47: FutureWarning: 'M' is deprecated and will be removed in a future version, please use 'ME' instead.
  offset = pd.tseries.frequencies.to_offset(freq)
/fssmall/home/h61084/codes/selectime/.venv/lib/python3.12/site-packages/gluonts/time_feature/seasonality.py:47: FutureWarning: 'Q' is deprecated and will be removed in a future version, please use 'QE' instead.
  offset = pd.tseries.frequencies.to_offset(freq)
Error executing job with overrides: ['vanilla_predictions_path=/scratch/users/h61084/codes/evaluating_tsfms/outputs/foundation_models/inference', 'model=ts_icl', 'experiment_mode=full', 'stage=predict_validation', 'prediction_group=remaining']
Traceback (most recent call last):
  File "/fssmall/home/h61084/codes/selectime/src/scripts/run_selectime.py", line 10, in main
    run(config)
  File "/fssmall/home/h61084/codes/selectime/src/timebench/scripts/entry.py", line 17, in run
    Workflow(resolved).run(stage or resolved['stage'])
  File "/fssmall/home/h61084/codes/selectime/src/timebench/pipeline/workflow.py", line 898, in run
    self.predict(stage.removeprefix('predict_'))
  File "/fssmall/home/h61084/codes/selectime/src/timebench/pipeline/workflow.py", line 493, in predict
    deps = self.prediction_dependencies(task, split, method)
           ^^^^^^^^^^^^^^^^^^^^^^^^^^^^^^^^^^^^^^^^^^^^^^^^^
  File "/fssmall/home/h61084/codes/selectime/src/timebench/pipeline/workflow.py", line 304, in prediction_dependencies
    deps['vanilla'] = self.raw(task, split, UNIVARIATE)
                      ^^^^^^^^^^^^^^^^^^^^^^^^^^^^^^^^^
  File "/fssmall/home/h61084/codes/selectime/src/timebench/pipeline/workflow.py", line 310, in raw
    return self.resolve(task, f'predictions/{split}', method, self.prediction_dependencies(task, split, method))
           ^^^^^^^^^^^^^^^^^^^^^^^^^^^^^^^^^^^^^^^^^^^^^^^^^^^^^^^^^^^^^^^^^^^^^^^^^^^^^^^^^^^^^^^^^^^^^^^^^^^^^
  File "/fssmall/home/h61084/codes/selectime/src/timebench/pipeline/workflow.py", line 278, in resolve
    selected = select_completed_runs(self.path(task, phase, method), config_policy='distinct', repeat_policy='latest')
               ^^^^^^^^^^^^^^^^^^^^^^^^^^^^^^^^^^^^^^^^^^^^^^^^^^^^^^^^^^^^^^^^^^^^^^^^^^^^^^^^^^^^^^^^^^^^^^^^^^^^^^^
  File "/fssmall/home/h61084/codes/selectime/src/timebench/pipeline/runs.py", line 965, in select_completed_runs
    raise ManifestError(
timebench.pipeline.runs.ManifestError: Selected runs cross experiment roots: ['scope_selection', 'selectime']; point the result reader at one experiment root

Set the environment variable HYDRA_FULL_ERROR=1 for a complete stack trace.
srun: error: sean0009: task 0: Exited with exit code 1
