/fssmall/home/h61084/codes/selectime/.venv/lib/python3.12/site-packages/gluonts/time_feature/seasonality.py:47: FutureWarning: 'T' is deprecated and will be removed in a future version, please use 'min' instead.
  offset = pd.tseries.frequencies.to_offset(freq)
/fssmall/home/h61084/codes/selectime/.venv/lib/python3.12/site-packages/gluonts/time_feature/seasonality.py:47: FutureWarning: 'H' is deprecated and will be removed in a future version, please use 'h' instead.
  offset = pd.tseries.frequencies.to_offset(freq)
/fssmall/home/h61084/codes/selectime/.venv/lib/python3.12/site-packages/gluonts/time_feature/seasonality.py:47: FutureWarning: 'M' is deprecated and will be removed in a future version, please use 'ME' instead.
  offset = pd.tseries.frequencies.to_offset(freq)
/fssmall/home/h61084/codes/selectime/.venv/lib/python3.12/site-packages/gluonts/time_feature/seasonality.py:47: FutureWarning: 'Q' is deprecated and will be removed in a future version, please use 'QE' instead.
  offset = pd.tseries.frequencies.to_offset(freq)
/fssmall/home/h61084/codes/selectime/.venv/lib/python3.12/site-packages/gluonts/time_feature/seasonality.py:47: FutureWarning: 'T' is deprecated and will be removed in a future version, please use 'min' instead.
  offset = pd.tseries.frequencies.to_offset(freq)
/fssmall/home/h61084/codes/selectime/.venv/lib/python3.12/site-packages/gluonts/time_feature/seasonality.py:47: FutureWarning: 'H' is deprecated and will be removed in a future version, please use 'h' instead.
  offset = pd.tseries.frequencies.to_offset(freq)
/fssmall/home/h61084/codes/selectime/.venv/lib/python3.12/site-packages/gluonts/time_feature/seasonality.py:47: FutureWarning: 'M' is deprecated and will be removed in a future version, please use 'ME' instead.
  offset = pd.tseries.frequencies.to_offset(freq)
/fssmall/home/h61084/codes/selectime/.venv/lib/python3.12/site-packages/gluonts/time_feature/seasonality.py:47: FutureWarning: 'Q' is deprecated and will be removed in a future version, please use 'QE' instead.
  offset = pd.tseries.frequencies.to_offset(freq)
/fssmall/home/h61084/codes/selectime/.venv/lib/python3.12/site-packages/gluonts/time_feature/seasonality.py:47: FutureWarning: 'T' is deprecated and will be removed in a future version, please use 'min' instead.
  offset = pd.tseries.frequencies.to_offset(freq)
/fssmall/home/h61084/codes/selectime/.venv/lib/python3.12/site-packages/gluonts/time_feature/seasonality.py:47: FutureWarning: 'H' is deprecated and will be removed in a future version, please use 'h' instead.
  offset = pd.tseries.frequencies.to_offset(freq)
/fssmall/home/h61084/codes/selectime/.venv/lib/python3.12/site-packages/gluonts/time_feature/seasonality.py:47: FutureWarning: 'M' is deprecated and will be removed in a future version, please use 'ME' instead.
  offset = pd.tseries.frequencies.to_offset(freq)
/fssmall/home/h61084/codes/selectime/.venv/lib/python3.12/site-packages/gluonts/time_feature/seasonality.py:47: FutureWarning: 'Q' is deprecated and will be removed in a future version, please use 'QE' instead.
  offset = pd.tseries.frequencies.to_offset(freq)
Error executing job with overrides: ['model=ts_icl', 'experiment_mode=full', 'stage=predict_validation', 'prediction_group=vanilla']
Traceback (most recent call last):
  File "/fssmall/home/h61084/codes/selectime/src/scripts/run_selectime.py", line 10, in main
    run(config)
  File "/fssmall/home/h61084/codes/selectime/src/timebench/scripts/entry.py", line 17, in run
    Workflow(resolved).run(stage or resolved['stage'])
  File "/fssmall/home/h61084/codes/selectime/src/timebench/pipeline/workflow.py", line 612, in run
    self.predict(stage.removeprefix('predict_'))
  File "/fssmall/home/h61084/codes/selectime/src/timebench/pipeline/workflow.py", line 391, in predict
    model.forecast(histories, task.prediction_length,
  File "/fssmall/home/h61084/codes/selectime/src/timebench/model_loading/ts_icl.py", line 50, in forecast
    _, quantiles = self.pipeline.forecast(
                   ^^^^^^^^^^^^^^^^^^^^^^^
  File "/fssmall/home/h61084/codes/selectime/.venv/lib/python3.12/site-packages/torch/utils/_contextlib.py", line 120, in decorate_context
    return func(*args, **kwargs)
           ^^^^^^^^^^^^^^^^^^^^^
  File "/fssmall/home/h61084/codes/selectime/.venv/lib/python3.12/site-packages/tsicl/pipeline.py", line 765, in forecast
    mean, quantiles = self._predict_main(
                      ^^^^^^^^^^^^^^^^^^^
  File "/fssmall/home/h61084/codes/selectime/.venv/lib/python3.12/site-packages/tsicl/pipeline.py", line 991, in _predict_main
    inputs, covars, num_var, num_batches, is_tensor, has_covar = self.input_adapter(
                                                                 ^^^^^^^^^^^^^^^^^^^
  File "/fssmall/home/h61084/codes/selectime/.venv/lib/python3.12/site-packages/tsicl/pipeline.py", line 273, in input_adapter
    num_batches, is_tensor, num_var, inputs = validate_target_inputs(inputs, batch_size = batch_size)
                                              ^^^^^^^^^^^^^^^^^^^^^^^^^^^^^^^^^^^^^^^^^^^^^^^^^^^^^^^
  File "/fssmall/home/h61084/codes/selectime/.venv/lib/python3.12/site-packages/tsicl/utils/data_adapter.py", line 87, in validate_target_inputs
    out, num_var = _check_input_dim(out, has_batch_dim = True)      # (bs, t, 1)
                   ^^^^^^^^^^^^^^^^^^^^^^^^^^^^^^^^^^^^^^^^^^^
  File "/fssmall/home/h61084/codes/selectime/.venv/lib/python3.12/site-packages/tsicl/utils/data_adapter.py", line 148, in _check_input_dim
    raise ValueError(
ValueError: Input tensor of shape torch.Size([1, 27, 1]) contains at least one sample full of NaNs, stop here

Set the environment variable HYDRA_FULL_ERROR=1 for a complete stack trace.
srun: error: sean0012: task 0: Exited with exit code 1
