[2026-09-20 19:37:46 UTC] Slurm=3506722 launch=selena_3506722 stage=prepare prediction_group=all
[2026-09-20 19:37:58 UTC] dataset_config=/fssmall/home/h61084/codes/selectime/src/timebench/config/datasets.yaml applied_keys=datasets,selectime_tasks tasks=90
[2026-09-20 19:37:58 UTC] stage=prepare tasks=90 seed=0 Slurm=3506722
TIME run allocation action=skip run=/fslarge/scratch/users/h61084/codes/selectime/outputs/selectime/ts_icl/data/shared/Water_Quality_Darwin/15T/short/run_0 source_launch=selena_3458552 launch_id=selena_3506722 slurm_job_id=3506722 launched_at=2026-09-20T19:37:58.932629+00:00
TIME run allocation action=skip run=/fslarge/scratch/users/h61084/codes/selectime/outputs/selectime/ts_icl/data/shared/Water_Quality_Darwin/15T/medium/run_0 source_launch=selena_3458552 launch_id=selena_3506722 slurm_job_id=3506722 launched_at=2026-09-20T19:37:58.936841+00:00
TIME run allocation action=skip run=/fslarge/scratch/users/h61084/codes/selectime/outputs/selectime/ts_icl/data/shared/Water_Quality_Darwin/15T/long/run_0 source_launch=selena_3458552 launch_id=selena_3506722 slurm_job_id=3506722 launched_at=2026-09-20T19:37:58.940918+00:00
TIME run allocation action=skip run=/fslarge/scratch/users/h61084/codes/selectime/outputs/selectime/ts_icl/data/shared/current_velocity/5T/short/run_0 source_launch=selena_3458552 launch_id=selena_3506722 slurm_job_id=3506722 launched_at=2026-09-20T19:37:58.945490+00:00
TIME run allocation action=skip run=/fslarge/scratch/users/h61084/codes/selectime/outputs/selectime/ts_icl/data/shared/current_velocity/5T/medium/run_0 source_launch=selena_3458552 launch_id=selena_3506722 slurm_job_id=3506722 launched_at=2026-09-20T19:37:58.949739+00:00
TIME run allocation action=skip run=/fslarge/scratch/users/h61084/codes/selectime/outputs/selectime/ts_icl/data/shared/current_velocity/5T/long/run_0 source_launch=selena_3458552 launch_id=selena_3506722 slurm_job_id=3506722 launched_at=2026-09-20T19:37:58.953788+00:00
TIME run allocation action=skip run=/fslarge/scratch/users/h61084/codes/selectime/outputs/selectime/ts_icl/data/shared/current_velocity/10T/short/run_0 source_launch=selena_3458552 launch_id=selena_3506722 slurm_job_id=3506722 launched_at=2026-09-20T19:37:58.958149+00:00
TIME run allocation action=skip run=/fslarge/scratch/users/h61084/codes/selectime/outputs/selectime/ts_icl/data/shared/current_velocity/10T/medium/run_0 source_launch=selena_3458552 launch_id=selena_3506722 slurm_job_id=3506722 launched_at=2026-09-20T19:37:58.962833+00:00
TIME run allocation action=skip run=/fslarge/scratch/users/h61084/codes/selectime/outputs/selectime/ts_icl/data/shared/current_velocity/10T/long/run_0 source_launch=selena_3458552 launch_id=selena_3506722 slurm_job_id=3506722 launched_at=2026-09-20T19:37:58.966872+00:00
TIME run allocation action=skip run=/fslarge/scratch/users/h61084/codes/selectime/outputs/selectime/ts_icl/data/shared/current_velocity/15T/short/run_0 source_launch=selena_3458552 launch_id=selena_3506722 slurm_job_id=3506722 launched_at=2026-09-20T19:37:58.971122+00:00
TIME run allocation action=skip run=/fslarge/scratch/users/h61084/codes/selectime/outputs/selectime/ts_icl/data/shared/current_velocity/15T/medium/run_0 source_launch=selena_3458552 launch_id=selena_3506722 slurm_job_id=3506722 launched_at=2026-09-20T19:37:58.975203+00:00
TIME run allocation action=skip run=/fslarge/scratch/users/h61084/codes/selectime/outputs/selectime/ts_icl/data/shared/current_velocity/15T/long/run_0 source_launch=selena_3458552 launch_id=selena_3506722 slurm_job_id=3506722 launched_at=2026-09-20T19:37:58.979204+00:00
TIME run allocation action=skip run=/fslarge/scratch/users/h61084/codes/selectime/outputs/selectime/ts_icl/data/shared/current_velocity/H/short/run_0 source_launch=selena_3458552 launch_id=selena_3506722 slurm_job_id=3506722 launched_at=2026-09-20T19:37:58.983858+00:00
TIME run allocation action=skip run=/fslarge/scratch/users/h61084/codes/selectime/outputs/selectime/ts_icl/data/shared/current_velocity/H/medium/run_0 source_launch=selena_3458552 launch_id=selena_3506722 slurm_job_id=3506722 launched_at=2026-09-20T19:37:58.988363+00:00
TIME run allocation action=skip run=/fslarge/scratch/users/h61084/codes/selectime/outputs/selectime/ts_icl/data/shared/current_velocity/H/long/run_0 source_launch=selena_3458552 launch_id=selena_3506722 slurm_job_id=3506722 launched_at=2026-09-20T19:37:58.992378+00:00
TIME run allocation action=skip run=/fslarge/scratch/users/h61084/codes/selectime/outputs/selectime/ts_icl/data/shared/CPHL/15T/short/run_0 source_launch=selena_3458552 launch_id=selena_3506722 slurm_job_id=3506722 launched_at=2026-09-20T19:37:58.998434+00:00
TIME run allocation action=skip run=/fslarge/scratch/users/h61084/codes/selectime/outputs/selectime/ts_icl/data/shared/CPHL/15T/medium/run_0 source_launch=selena_3458552 launch_id=selena_3506722 slurm_job_id=3506722 launched_at=2026-09-20T19:37:59.002847+00:00
TIME run allocation action=skip run=/fslarge/scratch/users/h61084/codes/selectime/outputs/selectime/ts_icl/data/shared/CPHL/15T/long/run_0 source_launch=selena_3458552 launch_id=selena_3506722 slurm_job_id=3506722 launched_at=2026-09-20T19:37:59.007231+00:00
TIME run allocation action=skip run=/fslarge/scratch/users/h61084/codes/selectime/outputs/selectime/ts_icl/data/shared/CPHL/30T/short/run_0 source_launch=selena_3458552 launch_id=selena_3506722 slurm_job_id=3506722 launched_at=2026-09-20T19:37:59.011683+00:00
TIME run allocation action=skip run=/fslarge/scratch/users/h61084/codes/selectime/outputs/selectime/ts_icl/data/shared/CPHL/30T/medium/run_0 source_launch=selena_3458552 launch_id=selena_3506722 slurm_job_id=3506722 launched_at=2026-09-20T19:37:59.015796+00:00
TIME run allocation action=skip run=/fslarge/scratch/users/h61084/codes/selectime/outputs/selectime/ts_icl/data/shared/CPHL/30T/long/run_0 source_launch=selena_3458552 launch_id=selena_3506722 slurm_job_id=3506722 launched_at=2026-09-20T19:37:59.019764+00:00
TIME run allocation action=skip run=/fslarge/scratch/users/h61084/codes/selectime/outputs/selectime/ts_icl/data/shared/CPHL/H/short/run_0 source_launch=selena_3458552 launch_id=selena_3506722 slurm_job_id=3506722 launched_at=2026-09-20T19:37:59.024021+00:00
TIME run allocation action=skip run=/fslarge/scratch/users/h61084/codes/selectime/outputs/selectime/ts_icl/data/shared/CPHL/H/medium/run_0 source_launch=selena_3458552 launch_id=selena_3506722 slurm_job_id=3506722 launched_at=2026-09-20T19:37:59.028409+00:00
TIME run allocation action=skip run=/fslarge/scratch/users/h61084/codes/selectime/outputs/selectime/ts_icl/data/shared/CPHL/H/long/run_0 source_launch=selena_3458552 launch_id=selena_3506722 slurm_job_id=3506722 launched_at=2026-09-20T19:37:59.032422+00:00
TIME run allocation action=skip run=/fslarge/scratch/users/h61084/codes/selectime/outputs/selectime/ts_icl/data/shared/Coastal_T_S/15T/short/run_0 source_launch=selena_3458552 launch_id=selena_3506722 slurm_job_id=3506722 launched_at=2026-09-20T19:37:59.037162+00:00
TIME run allocation action=skip run=/fslarge/scratch/users/h61084/codes/selectime/outputs/selectime/ts_icl/data/shared/Coastal_T_S/15T/medium/run_0 source_launch=selena_3458552 launch_id=selena_3506722 slurm_job_id=3506722 launched_at=2026-09-20T19:37:59.041647+00:00
TIME run allocation action=skip run=/fslarge/scratch/users/h61084/codes/selectime/outputs/selectime/ts_icl/data/shared/Coastal_T_S/15T/long/run_0 source_launch=selena_3458552 launch_id=selena_3506722 slurm_job_id=3506722 launched_at=2026-09-20T19:37:59.045803+00:00
TIME run allocation action=skip run=/fslarge/scratch/users/h61084/codes/selectime/outputs/selectime/ts_icl/data/shared/Coastal_T_S/20T/short/run_0 source_launch=selena_3458552 launch_id=selena_3506722 slurm_job_id=3506722 launched_at=2026-09-20T19:37:59.051340+00:00
TIME run allocation action=skip run=/fslarge/scratch/users/h61084/codes/selectime/outputs/selectime/ts_icl/data/shared/Coastal_T_S/20T/medium/run_0 source_launch=selena_3458552 launch_id=selena_3506722 slurm_job_id=3506722 launched_at=2026-09-20T19:37:59.055675+00:00
TIME run allocation action=skip run=/fslarge/scratch/users/h61084/codes/selectime/outputs/selectime/ts_icl/data/shared/Coastal_T_S/20T/long/run_0 source_launch=selena_3458552 launch_id=selena_3506722 slurm_job_id=3506722 launched_at=2026-09-20T19:37:59.059662+00:00
TIME run allocation action=skip run=/fslarge/scratch/users/h61084/codes/selectime/outputs/selectime/ts_icl/data/shared/Coastal_T_S/H/short/run_0 source_launch=selena_3458552 launch_id=selena_3506722 slurm_job_id=3506722 launched_at=2026-09-20T19:37:59.063739+00:00
TIME run allocation action=skip run=/fslarge/scratch/users/h61084/codes/selectime/outputs/selectime/ts_icl/data/shared/Coastal_T_S/H/medium/run_0 source_launch=selena_3458552 launch_id=selena_3506722 slurm_job_id=3506722 launched_at=2026-09-20T19:37:59.067793+00:00
TIME run allocation action=skip run=/fslarge/scratch/users/h61084/codes/selectime/outputs/selectime/ts_icl/data/shared/Coastal_T_S/H/long/run_0 source_launch=selena_3458552 launch_id=selena_3506722 slurm_job_id=3506722 launched_at=2026-09-20T19:37:59.071793+00:00
TIME run allocation action=skip run=/fslarge/scratch/users/h61084/codes/selectime/outputs/selectime/ts_icl/data/shared/SG_Weather/D/short/run_0 source_launch=selena_3458552 launch_id=selena_3506722 slurm_job_id=3506722 launched_at=2026-09-20T19:37:59.076348+00:00
TIME run allocation action=skip run=/fslarge/scratch/users/h61084/codes/selectime/outputs/selectime/ts_icl/data/shared/SG_Weather/D/medium/run_0 source_launch=selena_3458552 launch_id=selena_3506722 slurm_job_id=3506722 launched_at=2026-09-20T19:37:59.080483+00:00
TIME run allocation action=skip run=/fslarge/scratch/users/h61084/codes/selectime/outputs/selectime/ts_icl/data/shared/SG_Weather/D/long/run_0 source_launch=selena_3458552 launch_id=selena_3506722 slurm_job_id=3506722 launched_at=2026-09-20T19:37:59.084550+00:00
TIME run allocation action=skip run=/fslarge/scratch/users/h61084/codes/selectime/outputs/selectime/ts_icl/data/shared/SG_PM25/H/short/run_0 source_launch=selena_3458552 launch_id=selena_3506722 slurm_job_id=3506722 launched_at=2026-09-20T19:37:59.088995+00:00
TIME run allocation action=skip run=/fslarge/scratch/users/h61084/codes/selectime/outputs/selectime/ts_icl/data/shared/SG_PM25/H/medium/run_0 source_launch=selena_3458552 launch_id=selena_3506722 slurm_job_id=3506722 launched_at=2026-09-20T19:37:59.093286+00:00
TIME run allocation action=skip run=/fslarge/scratch/users/h61084/codes/selectime/outputs/selectime/ts_icl/data/shared/SG_PM25/H/long/run_0 source_launch=selena_3458552 launch_id=selena_3506722 slurm_job_id=3506722 launched_at=2026-09-20T19:37:59.097291+00:00
TIME run allocation action=skip run=/fslarge/scratch/users/h61084/codes/selectime/outputs/selectime/ts_icl/data/shared/NE_China_Wind/H/short/run_0 source_launch=selena_3458552 launch_id=selena_3506722 slurm_job_id=3506722 launched_at=2026-09-20T19:37:59.101605+00:00
TIME run allocation action=skip run=/fslarge/scratch/users/h61084/codes/selectime/outputs/selectime/ts_icl/data/shared/NE_China_Wind/H/medium/run_0 source_launch=selena_3458552 launch_id=selena_3506722 slurm_job_id=3506722 launched_at=2026-09-20T19:37:59.105757+00:00
TIME run allocation action=skip run=/fslarge/scratch/users/h61084/codes/selectime/outputs/selectime/ts_icl/data/shared/NE_China_Wind/H/long/run_0 source_launch=selena_3458552 launch_id=selena_3506722 slurm_job_id=3506722 launched_at=2026-09-20T19:37:59.109659+00:00
TIME run allocation action=skip run=/fslarge/scratch/users/h61084/codes/selectime/outputs/selectime/ts_icl/data/shared/Australia_Solar/H/short/run_0 source_launch=selena_3458552 launch_id=selena_3506722 slurm_job_id=3506722 launched_at=2026-09-20T19:37:59.114096+00:00
TIME run allocation action=skip run=/fslarge/scratch/users/h61084/codes/selectime/outputs/selectime/ts_icl/data/shared/Australia_Solar/H/medium/run_0 source_launch=selena_3458552 launch_id=selena_3506722 slurm_job_id=3506722 launched_at=2026-09-20T19:37:59.118472+00:00
TIME run allocation action=skip run=/fslarge/scratch/users/h61084/codes/selectime/outputs/selectime/ts_icl/data/shared/Australia_Solar/H/long/run_0 source_launch=selena_3458552 launch_id=selena_3506722 slurm_job_id=3506722 launched_at=2026-09-20T19:37:59.122372+00:00
TIME run allocation action=skip run=/fslarge/scratch/users/h61084/codes/selectime/outputs/selectime/ts_icl/data/shared/epf_electricity_price/H/short/run_0 source_launch=selena_3458552 launch_id=selena_3506722 slurm_job_id=3506722 launched_at=2026-09-20T19:37:59.126732+00:00
TIME run allocation action=skip run=/fslarge/scratch/users/h61084/codes/selectime/outputs/selectime/ts_icl/data/shared/epf_electricity_price/H/medium/run_0 source_launch=selena_3458552 launch_id=selena_3506722 slurm_job_id=3506722 launched_at=2026-09-20T19:37:59.131053+00:00
TIME run allocation action=skip run=/fslarge/scratch/users/h61084/codes/selectime/outputs/selectime/ts_icl/data/shared/epf_electricity_price/H/long/run_0 source_launch=selena_3458552 launch_id=selena_3506722 slurm_job_id=3506722 launched_at=2026-09-20T19:37:59.134984+00:00
TIME run allocation action=skip run=/fslarge/scratch/users/h61084/codes/selectime/outputs/selectime/ts_icl/data/shared/OpenElectricity_NEM/5T/short/run_0 source_launch=selena_3458552 launch_id=selena_3506722 slurm_job_id=3506722 launched_at=2026-09-20T19:37:59.139662+00:00
TIME run allocation action=skip run=/fslarge/scratch/users/h61084/codes/selectime/outputs/selectime/ts_icl/data/shared/OpenElectricity_NEM/5T/medium/run_0 source_launch=selena_3458552 launch_id=selena_3506722 slurm_job_id=3506722 launched_at=2026-09-20T19:37:59.143737+00:00
TIME run allocation action=skip run=/fslarge/scratch/users/h61084/codes/selectime/outputs/selectime/ts_icl/data/shared/OpenElectricity_NEM/5T/long/run_0 source_launch=selena_3458552 launch_id=selena_3506722 slurm_job_id=3506722 launched_at=2026-09-20T19:37:59.147741+00:00
TIME run allocation action=skip run=/fslarge/scratch/users/h61084/codes/selectime/outputs/selectime/ts_icl/data/shared/EWELD_Load/15T/short/run_0 source_launch=selena_3458552 launch_id=selena_3506722 slurm_job_id=3506722 launched_at=2026-09-20T19:37:59.152390+00:00
TIME run allocation action=skip run=/fslarge/scratch/users/h61084/codes/selectime/outputs/selectime/ts_icl/data/shared/EWELD_Load/15T/medium/run_0 source_launch=selena_3458552 launch_id=selena_3506722 slurm_job_id=3506722 launched_at=2026-09-20T19:37:59.156401+00:00
TIME run allocation action=skip run=/fslarge/scratch/users/h61084/codes/selectime/outputs/selectime/ts_icl/data/shared/EWELD_Load/15T/long/run_0 source_launch=selena_3458552 launch_id=selena_3506722 slurm_job_id=3506722 launched_at=2026-09-20T19:37:59.160277+00:00
TIME run allocation action=skip run=/fslarge/scratch/users/h61084/codes/selectime/outputs/selectime/ts_icl/data/shared/SG_Carpark/15T/short/run_0 source_launch=selena_3458552 launch_id=selena_3506722 slurm_job_id=3506722 launched_at=2026-09-20T19:37:59.164837+00:00
TIME run allocation action=skip run=/fslarge/scratch/users/h61084/codes/selectime/outputs/selectime/ts_icl/data/shared/SG_Carpark/15T/medium/run_0 source_launch=selena_3458552 launch_id=selena_3506722 slurm_job_id=3506722 launched_at=2026-09-20T19:37:59.168715+00:00
TIME run allocation action=skip run=/fslarge/scratch/users/h61084/codes/selectime/outputs/selectime/ts_icl/data/shared/SG_Carpark/15T/long/run_0 source_launch=selena_3458552 launch_id=selena_3506722 slurm_job_id=3506722 launched_at=2026-09-20T19:37:59.172669+00:00
TIME run allocation action=skip run=/fslarge/scratch/users/h61084/codes/selectime/outputs/selectime/ts_icl/data/shared/Finland_Traffic/15T/short/run_0 source_launch=selena_3458552 launch_id=selena_3506722 slurm_job_id=3506722 launched_at=2026-09-20T19:37:59.177228+00:00
TIME run allocation action=skip run=/fslarge/scratch/users/h61084/codes/selectime/outputs/selectime/ts_icl/data/shared/Finland_Traffic/15T/medium/run_0 source_launch=selena_3458552 launch_id=selena_3506722 slurm_job_id=3506722 launched_at=2026-09-20T19:37:59.181445+00:00
TIME run allocation action=skip run=/fslarge/scratch/users/h61084/codes/selectime/outputs/selectime/ts_icl/data/shared/Finland_Traffic/15T/long/run_0 source_launch=selena_3458552 launch_id=selena_3506722 slurm_job_id=3506722 launched_at=2026-09-20T19:37:59.185619+00:00
TIME run allocation action=skip run=/fslarge/scratch/users/h61084/codes/selectime/outputs/selectime/ts_icl/data/shared/Port_Activity/D/short/run_0 source_launch=selena_3458552 launch_id=selena_3506722 slurm_job_id=3506722 launched_at=2026-09-20T19:37:59.189875+00:00
TIME run allocation action=skip run=/fslarge/scratch/users/h61084/codes/selectime/outputs/selectime/ts_icl/data/shared/Port_Activity/W/short/run_0 source_launch=selena_3458552 launch_id=selena_3506722 slurm_job_id=3506722 launched_at=2026-09-20T19:37:59.194121+00:00
TIME run allocation action=skip run=/fslarge/scratch/users/h61084/codes/selectime/outputs/selectime/ts_icl/data/shared/ECDC_COVID/D/short/run_0 source_launch=selena_3458552 launch_id=selena_3506722 slurm_job_id=3506722 launched_at=2026-09-20T19:37:59.198711+00:00
TIME run allocation action=skip run=/fslarge/scratch/users/h61084/codes/selectime/outputs/selectime/ts_icl/data/shared/ECDC_COVID/W/short/run_0 source_launch=selena_3458552 launch_id=selena_3506722 slurm_job_id=3506722 launched_at=2026-09-20T19:37:59.203068+00:00
TIME run allocation action=skip run=/fslarge/scratch/users/h61084/codes/selectime/outputs/selectime/ts_icl/data/shared/Global_Influenza/W/short/run_0 source_launch=selena_3458552 launch_id=selena_3506722 slurm_job_id=3506722 launched_at=2026-09-20T19:37:59.207557+00:00
TIME run allocation action=skip run=/fslarge/scratch/users/h61084/codes/selectime/outputs/selectime/ts_icl/data/shared/Crypto/D/short/run_0 source_launch=selena_3458552 launch_id=selena_3506722 slurm_job_id=3506722 launched_at=2026-09-20T19:37:59.212414+00:00
TIME run allocation action=skip run=/fslarge/scratch/users/h61084/codes/selectime/outputs/selectime/ts_icl/data/shared/US_Term_Structure/B/short/run_0 source_launch=selena_3458552 launch_id=selena_3506722 slurm_job_id=3506722 launched_at=2026-09-20T19:37:59.216785+00:00
TIME run allocation action=skip run=/fslarge/scratch/users/h61084/codes/selectime/outputs/selectime/ts_icl/data/shared/Oil_Price/B/short/run_0 source_launch=selena_3458552 launch_id=selena_3506722 slurm_job_id=3506722 launched_at=2026-09-20T19:37:59.221254+00:00
TIME run allocation action=skip run=/fslarge/scratch/users/h61084/codes/selectime/outputs/selectime/ts_icl/data/shared/Job_Claims/W/short/run_0 source_launch=selena_3458552 launch_id=selena_3506722 slurm_job_id=3506722 launched_at=2026-09-20T19:37:59.225572+00:00
TIME run allocation action=skip run=/fslarge/scratch/users/h61084/codes/selectime/outputs/selectime/ts_icl/data/shared/Uncertainty_1M/M/short/run_0 source_launch=selena_3458552 launch_id=selena_3506722 slurm_job_id=3506722 launched_at=2026-09-20T19:37:59.230655+00:00
TIME run allocation action=skip run=/fslarge/scratch/users/h61084/codes/selectime/outputs/selectime/ts_icl/data/shared/Housing_Inventory/M/short/run_0 source_launch=selena_3458552 launch_id=selena_3506722 slurm_job_id=3506722 launched_at=2026-09-20T19:37:59.235212+00:00
TIME run allocation action=skip run=/fslarge/scratch/users/h61084/codes/selectime/outputs/selectime/ts_icl/data/shared/JOLTS/M/short/run_0 source_launch=selena_3458552 launch_id=selena_3506722 slurm_job_id=3506722 launched_at=2026-09-20T19:37:59.239489+00:00
TIME run allocation action=skip run=/fslarge/scratch/users/h61084/codes/selectime/outputs/selectime/ts_icl/data/shared/US_Labor/M/short/run_0 source_launch=selena_3458552 launch_id=selena_3506722 slurm_job_id=3506722 launched_at=2026-09-20T19:37:59.243901+00:00
TIME run allocation action=skip run=/fslarge/scratch/users/h61084/codes/selectime/outputs/selectime/ts_icl/data/shared/Vehicle_Supply/M/short/run_0 source_launch=selena_3458552 launch_id=selena_3506722 slurm_job_id=3506722 launched_at=2026-09-20T19:37:59.248308+00:00
TIME run allocation action=skip run=/fslarge/scratch/users/h61084/codes/selectime/outputs/selectime/ts_icl/data/shared/Auto_Production_SF/M/short/run_0 source_launch=selena_3458552 launch_id=selena_3506722 slurm_job_id=3506722 launched_at=2026-09-20T19:37:59.252842+00:00
TIME run allocation action=skip run=/fslarge/scratch/users/h61084/codes/selectime/outputs/selectime/ts_icl/data/shared/Commodity_Production/M/short/run_0 source_launch=selena_3458552 launch_id=selena_3506722 slurm_job_id=3506722 launched_at=2026-09-20T19:37:59.257186+00:00
TIME run allocation action=skip run=/fslarge/scratch/users/h61084/codes/selectime/outputs/selectime/ts_icl/data/shared/Commodity_Import/M/short/run_0 source_launch=selena_3458552 launch_id=selena_3506722 slurm_job_id=3506722 launched_at=2026-09-20T19:37:59.261496+00:00
TIME run allocation action=skip run=/fslarge/scratch/users/h61084/codes/selectime/outputs/selectime/ts_icl/data/shared/WUI_Global/Q/short/run_0 source_launch=selena_3458552 launch_id=selena_3506722 slurm_job_id=3506722 launched_at=2026-09-20T19:37:59.265818+00:00
TIME run allocation action=skip run=/fslarge/scratch/users/h61084/codes/selectime/outputs/selectime/ts_icl/data/shared/Global_Price/Q/short/run_0 source_launch=selena_3458552 launch_id=selena_3506722 slurm_job_id=3506722 launched_at=2026-09-20T19:37:59.270287+00:00
TIME run allocation action=skip run=/fslarge/scratch/users/h61084/codes/selectime/outputs/selectime/ts_icl/data/shared/Vehicle_Sales/M/short/run_0 source_launch=selena_3458552 launch_id=selena_3506722 slurm_job_id=3506722 launched_at=2026-09-20T19:37:59.274992+00:00
TIME run allocation action=skip run=/fslarge/scratch/users/h61084/codes/selectime/outputs/selectime/ts_icl/data/shared/Online_Retail_2_UCI/D/short/run_0 source_launch=selena_3458552 launch_id=selena_3506722 slurm_job_id=3506722 launched_at=2026-09-20T19:37:59.279448+00:00
TIME run allocation action=skip run=/fslarge/scratch/users/h61084/codes/selectime/outputs/selectime/ts_icl/data/shared/Supply_Chain_Customer/D/short/run_0 source_launch=selena_3458552 launch_id=selena_3506722 slurm_job_id=3506722 launched_at=2026-09-20T19:37:59.283893+00:00
TIME run allocation action=skip run=/fslarge/scratch/users/h61084/codes/selectime/outputs/selectime/ts_icl/data/shared/Supply_Chain_Location/D/short/run_0 source_launch=selena_3458552 launch_id=selena_3506722 slurm_job_id=3506722 launched_at=2026-09-20T19:37:59.288300+00:00
TIME run allocation action=skip run=/fslarge/scratch/users/h61084/codes/selectime/outputs/selectime/ts_icl/data/shared/azure2019_U/5T/short/run_0 source_launch=selena_3458552 launch_id=selena_3506722 slurm_job_id=3506722 launched_at=2026-09-20T19:37:59.292656+00:00
TIME run allocation action=skip run=/fslarge/scratch/users/h61084/codes/selectime/outputs/selectime/ts_icl/data/shared/Smart_Manufacturing/H/short/run_0 source_launch=selena_3458552 launch_id=selena_3506722 slurm_job_id=3506722 launched_at=2026-09-20T19:37:59.297541+00:00
TIME run allocation action=skip run=/fslarge/scratch/users/h61084/codes/selectime/outputs/selectime/ts_icl/data/shared/Smart_Manufacturing/H/medium/run_0 source_launch=selena_3458552 launch_id=selena_3506722 slurm_job_id=3506722 launched_at=2026-09-20T19:37:59.301476+00:00
TIME run allocation action=skip run=/fslarge/scratch/users/h61084/codes/selectime/outputs/selectime/ts_icl/data/shared/Smart_Manufacturing/H/long/run_0 source_launch=selena_3458552 launch_id=selena_3506722 slurm_job_id=3506722 launched_at=2026-09-20T19:37:59.305569+00:00
TIME run allocation action=skip run=/fslarge/scratch/users/h61084/codes/selectime/outputs/selectime/ts_icl/data/shared/MetroPT-3/5T/short/run_0 source_launch=selena_3458552 launch_id=selena_3506722 slurm_job_id=3506722 launched_at=2026-09-20T19:37:59.309924+00:00
TIME run allocation action=skip run=/fslarge/scratch/users/h61084/codes/selectime/outputs/selectime/ts_icl/data/shared/MetroPT-3/5T/medium/run_0 source_launch=selena_3458552 launch_id=selena_3506722 slurm_job_id=3506722 launched_at=2026-09-20T19:37:59.313971+00:00
TIME run allocation action=skip run=/fslarge/scratch/users/h61084/codes/selectime/outputs/selectime/ts_icl/data/shared/MetroPT-3/5T/long/run_0 source_launch=selena_3458552 launch_id=selena_3506722 slurm_job_id=3506722 launched_at=2026-09-20T19:37:59.317936+00:00
[2026-09-20 19:38:15 UTC] Slurm=3506722 launch=selena_3506722 stage=extract_validation prediction_group=all
[2026-09-20 19:38:16 UTC] dataset_config=/fssmall/home/h61084/codes/selectime/src/timebench/config/datasets.yaml applied_keys=datasets,selectime_tasks tasks=90
[2026-09-20 19:38:16 UTC] stage=extract_validation tasks=90 seed=0 Slurm=3506722
TIME run allocation action=skip run=/fslarge/scratch/users/h61084/codes/selectime/outputs/selectime/ts_icl/retrieval/validation/Water_Quality_Darwin/15T/short/run_0 source_launch=selena_3458552 launch_id=selena_3506722 slurm_job_id=3506722 launched_at=2026-09-20T19:38:16.841692+00:00
TIME run allocation action=skip run=/fslarge/scratch/users/h61084/codes/selectime/outputs/selectime/ts_icl/retrieval/validation/Water_Quality_Darwin/15T/medium/run_0 source_launch=selena_3458552 launch_id=selena_3506722 slurm_job_id=3506722 launched_at=2026-09-20T19:38:16.850054+00:00
TIME run allocation action=skip run=/fslarge/scratch/users/h61084/codes/selectime/outputs/selectime/ts_icl/retrieval/validation/Water_Quality_Darwin/15T/long/run_0 source_launch=selena_3458552 launch_id=selena_3506722 slurm_job_id=3506722 launched_at=2026-09-20T19:38:16.857838+00:00
TIME run allocation action=skip run=/fslarge/scratch/users/h61084/codes/selectime/outputs/selectime/ts_icl/retrieval/validation/current_velocity/5T/short/run_0 source_launch=selena_3458552 launch_id=selena_3506722 slurm_job_id=3506722 launched_at=2026-09-20T19:38:16.865844+00:00
TIME run allocation action=skip run=/fslarge/scratch/users/h61084/codes/selectime/outputs/selectime/ts_icl/retrieval/validation/current_velocity/5T/medium/run_0 source_launch=selena_3458552 launch_id=selena_3506722 slurm_job_id=3506722 launched_at=2026-09-20T19:38:16.873540+00:00
TIME run allocation action=skip run=/fslarge/scratch/users/h61084/codes/selectime/outputs/selectime/ts_icl/retrieval/validation/current_velocity/5T/long/run_0 source_launch=selena_3458552 launch_id=selena_3506722 slurm_job_id=3506722 launched_at=2026-09-20T19:38:16.881504+00:00
TIME run allocation action=skip run=/fslarge/scratch/users/h61084/codes/selectime/outputs/selectime/ts_icl/retrieval/validation/current_velocity/10T/short/run_0 source_launch=selena_3458552 launch_id=selena_3506722 slurm_job_id=3506722 launched_at=2026-09-20T19:38:16.889182+00:00
TIME run allocation action=skip run=/fslarge/scratch/users/h61084/codes/selectime/outputs/selectime/ts_icl/retrieval/validation/current_velocity/10T/medium/run_0 source_launch=selena_3458552 launch_id=selena_3506722 slurm_job_id=3506722 launched_at=2026-09-20T19:38:16.896820+00:00
TIME run allocation action=skip run=/fslarge/scratch/users/h61084/codes/selectime/outputs/selectime/ts_icl/retrieval/validation/current_velocity/10T/long/run_0 source_launch=selena_3458552 launch_id=selena_3506722 slurm_job_id=3506722 launched_at=2026-09-20T19:38:16.904394+00:00
TIME run allocation action=skip run=/fslarge/scratch/users/h61084/codes/selectime/outputs/selectime/ts_icl/retrieval/validation/current_velocity/15T/short/run_0 source_launch=selena_3458552 launch_id=selena_3506722 slurm_job_id=3506722 launched_at=2026-09-20T19:38:16.912231+00:00
TIME run allocation action=skip run=/fslarge/scratch/users/h61084/codes/selectime/outputs/selectime/ts_icl/retrieval/validation/current_velocity/15T/medium/run_0 source_launch=selena_3458552 launch_id=selena_3506722 slurm_job_id=3506722 launched_at=2026-09-20T19:38:16.919700+00:00
TIME run allocation action=skip run=/fslarge/scratch/users/h61084/codes/selectime/outputs/selectime/ts_icl/retrieval/validation/current_velocity/15T/long/run_0 source_launch=selena_3458552 launch_id=selena_3506722 slurm_job_id=3506722 launched_at=2026-09-20T19:38:16.927362+00:00
TIME run allocation action=skip run=/fslarge/scratch/users/h61084/codes/selectime/outputs/selectime/ts_icl/retrieval/validation/current_velocity/H/short/run_0 source_launch=selena_3458552 launch_id=selena_3506722 slurm_job_id=3506722 launched_at=2026-09-20T19:38:16.935260+00:00
TIME run allocation action=skip run=/fslarge/scratch/users/h61084/codes/selectime/outputs/selectime/ts_icl/retrieval/validation/current_velocity/H/medium/run_0 source_launch=selena_3458552 launch_id=selena_3506722 slurm_job_id=3506722 launched_at=2026-09-20T19:38:16.942823+00:00
TIME run allocation action=skip run=/fslarge/scratch/users/h61084/codes/selectime/outputs/selectime/ts_icl/retrieval/validation/current_velocity/H/long/run_0 source_launch=selena_3458552 launch_id=selena_3506722 slurm_job_id=3506722 launched_at=2026-09-20T19:38:16.950465+00:00
TIME run allocation action=skip run=/fslarge/scratch/users/h61084/codes/selectime/outputs/selectime/ts_icl/retrieval/validation/CPHL/15T/short/run_0 source_launch=selena_3458552 launch_id=selena_3506722 slurm_job_id=3506722 launched_at=2026-09-20T19:38:16.957972+00:00
TIME run allocation action=skip run=/fslarge/scratch/users/h61084/codes/selectime/outputs/selectime/ts_icl/retrieval/validation/CPHL/15T/medium/run_0 source_launch=selena_3458552 launch_id=selena_3506722 slurm_job_id=3506722 launched_at=2026-09-20T19:38:16.965480+00:00
TIME run allocation action=skip run=/fslarge/scratch/users/h61084/codes/selectime/outputs/selectime/ts_icl/retrieval/validation/CPHL/15T/long/run_0 source_launch=selena_3458552 launch_id=selena_3506722 slurm_job_id=3506722 launched_at=2026-09-20T19:38:16.972836+00:00
TIME run allocation action=skip run=/fslarge/scratch/users/h61084/codes/selectime/outputs/selectime/ts_icl/retrieval/validation/CPHL/30T/short/run_0 source_launch=selena_3458552 launch_id=selena_3506722 slurm_job_id=3506722 launched_at=2026-09-20T19:38:16.980433+00:00
TIME run allocation action=skip run=/fslarge/scratch/users/h61084/codes/selectime/outputs/selectime/ts_icl/retrieval/validation/CPHL/30T/medium/run_0 source_launch=selena_3458552 launch_id=selena_3506722 slurm_job_id=3506722 launched_at=2026-09-20T19:38:16.988094+00:00
TIME run allocation action=skip run=/fslarge/scratch/users/h61084/codes/selectime/outputs/selectime/ts_icl/retrieval/validation/CPHL/30T/long/run_0 source_launch=selena_3458552 launch_id=selena_3506722 slurm_job_id=3506722 launched_at=2026-09-20T19:38:16.995764+00:00
TIME run allocation action=skip run=/fslarge/scratch/users/h61084/codes/selectime/outputs/selectime/ts_icl/retrieval/validation/CPHL/H/short/run_0 source_launch=selena_3458552 launch_id=selena_3506722 slurm_job_id=3506722 launched_at=2026-09-20T19:38:17.003137+00:00
TIME run allocation action=skip run=/fslarge/scratch/users/h61084/codes/selectime/outputs/selectime/ts_icl/retrieval/validation/CPHL/H/medium/run_0 source_launch=selena_3458552 launch_id=selena_3506722 slurm_job_id=3506722 launched_at=2026-09-20T19:38:17.010809+00:00
TIME run allocation action=skip run=/fslarge/scratch/users/h61084/codes/selectime/outputs/selectime/ts_icl/retrieval/validation/CPHL/H/long/run_0 source_launch=selena_3458552 launch_id=selena_3506722 slurm_job_id=3506722 launched_at=2026-09-20T19:38:17.018299+00:00
TIME run allocation action=skip run=/fslarge/scratch/users/h61084/codes/selectime/outputs/selectime/ts_icl/retrieval/validation/Coastal_T_S/15T/short/run_0 source_launch=selena_3458552 launch_id=selena_3506722 slurm_job_id=3506722 launched_at=2026-09-20T19:38:17.025647+00:00
TIME run allocation action=skip run=/fslarge/scratch/users/h61084/codes/selectime/outputs/selectime/ts_icl/retrieval/validation/Coastal_T_S/15T/medium/run_0 source_launch=selena_3458552 launch_id=selena_3506722 slurm_job_id=3506722 launched_at=2026-09-20T19:38:17.033060+00:00
TIME run allocation action=skip run=/fslarge/scratch/users/h61084/codes/selectime/outputs/selectime/ts_icl/retrieval/validation/Coastal_T_S/15T/long/run_0 source_launch=selena_3458552 launch_id=selena_3506722 slurm_job_id=3506722 launched_at=2026-09-20T19:38:17.040759+00:00
TIME run allocation action=skip run=/fslarge/scratch/users/h61084/codes/selectime/outputs/selectime/ts_icl/retrieval/validation/Coastal_T_S/20T/short/run_0 source_launch=selena_3458552 launch_id=selena_3506722 slurm_job_id=3506722 launched_at=2026-09-20T19:38:17.048639+00:00
TIME run allocation action=skip run=/fslarge/scratch/users/h61084/codes/selectime/outputs/selectime/ts_icl/retrieval/validation/Coastal_T_S/20T/medium/run_0 source_launch=selena_3458552 launch_id=selena_3506722 slurm_job_id=3506722 launched_at=2026-09-20T19:38:17.056279+00:00
TIME run allocation action=skip run=/fslarge/scratch/users/h61084/codes/selectime/outputs/selectime/ts_icl/retrieval/validation/Coastal_T_S/20T/long/run_0 source_launch=selena_3458552 launch_id=selena_3506722 slurm_job_id=3506722 launched_at=2026-09-20T19:38:17.063819+00:00
TIME run allocation action=skip run=/fslarge/scratch/users/h61084/codes/selectime/outputs/selectime/ts_icl/retrieval/validation/Coastal_T_S/H/short/run_0 source_launch=selena_3458552 launch_id=selena_3506722 slurm_job_id=3506722 launched_at=2026-09-20T19:38:17.071415+00:00
TIME run allocation action=skip run=/fslarge/scratch/users/h61084/codes/selectime/outputs/selectime/ts_icl/retrieval/validation/Coastal_T_S/H/medium/run_0 source_launch=selena_3458552 launch_id=selena_3506722 slurm_job_id=3506722 launched_at=2026-09-20T19:38:17.079055+00:00
TIME run allocation action=skip run=/fslarge/scratch/users/h61084/codes/selectime/outputs/selectime/ts_icl/retrieval/validation/Coastal_T_S/H/long/run_0 source_launch=selena_3458552 launch_id=selena_3506722 slurm_job_id=3506722 launched_at=2026-09-20T19:38:17.087162+00:00
TIME run allocation action=skip run=/fslarge/scratch/users/h61084/codes/selectime/outputs/selectime/ts_icl/retrieval/validation/SG_Weather/D/short/run_0 source_launch=selena_3458552 launch_id=selena_3506722 slurm_job_id=3506722 launched_at=2026-09-20T19:38:17.094797+00:00
TIME run allocation action=skip run=/fslarge/scratch/users/h61084/codes/selectime/outputs/selectime/ts_icl/retrieval/validation/SG_Weather/D/medium/run_0 source_launch=selena_3458552 launch_id=selena_3506722 slurm_job_id=3506722 launched_at=2026-09-20T19:38:17.103035+00:00
TIME run allocation action=skip run=/fslarge/scratch/users/h61084/codes/selectime/outputs/selectime/ts_icl/retrieval/validation/SG_Weather/D/long/run_0 source_launch=selena_3458552 launch_id=selena_3506722 slurm_job_id=3506722 launched_at=2026-09-20T19:38:17.110463+00:00
TIME run allocation action=skip run=/fslarge/scratch/users/h61084/codes/selectime/outputs/selectime/ts_icl/retrieval/validation/SG_PM25/H/short/run_0 source_launch=selena_3458552 launch_id=selena_3506722 slurm_job_id=3506722 launched_at=2026-09-20T19:38:17.117950+00:00
TIME run allocation action=skip run=/fslarge/scratch/users/h61084/codes/selectime/outputs/selectime/ts_icl/retrieval/validation/SG_PM25/H/medium/run_0 source_launch=selena_3458552 launch_id=selena_3506722 slurm_job_id=3506722 launched_at=2026-09-20T19:38:17.125377+00:00
TIME run allocation action=skip run=/fslarge/scratch/users/h61084/codes/selectime/outputs/selectime/ts_icl/retrieval/validation/SG_PM25/H/long/run_0 source_launch=selena_3458552 launch_id=selena_3506722 slurm_job_id=3506722 launched_at=2026-09-20T19:38:17.132970+00:00
TIME run allocation action=skip run=/fslarge/scratch/users/h61084/codes/selectime/outputs/selectime/ts_icl/retrieval/validation/NE_China_Wind/H/short/run_0 source_launch=selena_3458552 launch_id=selena_3506722 slurm_job_id=3506722 launched_at=2026-09-20T19:38:17.140390+00:00
TIME run allocation action=skip run=/fslarge/scratch/users/h61084/codes/selectime/outputs/selectime/ts_icl/retrieval/validation/NE_China_Wind/H/medium/run_0 source_launch=selena_3458552 launch_id=selena_3506722 slurm_job_id=3506722 launched_at=2026-09-20T19:38:17.147903+00:00
TIME run allocation action=skip run=/fslarge/scratch/users/h61084/codes/selectime/outputs/selectime/ts_icl/retrieval/validation/NE_China_Wind/H/long/run_0 source_launch=selena_3458552 launch_id=selena_3506722 slurm_job_id=3506722 launched_at=2026-09-20T19:38:17.155230+00:00
TIME run allocation action=skip run=/fslarge/scratch/users/h61084/codes/selectime/outputs/selectime/ts_icl/retrieval/validation/Australia_Solar/H/short/run_0 source_launch=selena_3458552 launch_id=selena_3506722 slurm_job_id=3506722 launched_at=2026-09-20T19:38:17.162629+00:00
TIME run allocation action=skip run=/fslarge/scratch/users/h61084/codes/selectime/outputs/selectime/ts_icl/retrieval/validation/Australia_Solar/H/medium/run_0 source_launch=selena_3458552 launch_id=selena_3506722 slurm_job_id=3506722 launched_at=2026-09-20T19:38:17.170158+00:00
TIME run allocation action=skip run=/fslarge/scratch/users/h61084/codes/selectime/outputs/selectime/ts_icl/retrieval/validation/Australia_Solar/H/long/run_0 source_launch=selena_3458552 launch_id=selena_3506722 slurm_job_id=3506722 launched_at=2026-09-20T19:38:17.177690+00:00
TIME run allocation action=skip run=/fslarge/scratch/users/h61084/codes/selectime/outputs/selectime/ts_icl/retrieval/validation/epf_electricity_price/H/short/run_0 source_launch=selena_3458552 launch_id=selena_3506722 slurm_job_id=3506722 launched_at=2026-09-20T19:38:17.185094+00:00
TIME run allocation action=skip run=/fslarge/scratch/users/h61084/codes/selectime/outputs/selectime/ts_icl/retrieval/validation/epf_electricity_price/H/medium/run_0 source_launch=selena_3458552 launch_id=selena_3506722 slurm_job_id=3506722 launched_at=2026-09-20T19:38:17.194074+00:00
TIME run allocation action=skip run=/fslarge/scratch/users/h61084/codes/selectime/outputs/selectime/ts_icl/retrieval/validation/epf_electricity_price/H/long/run_0 source_launch=selena_3458552 launch_id=selena_3506722 slurm_job_id=3506722 launched_at=2026-09-20T19:38:17.201671+00:00
TIME run allocation action=skip run=/fslarge/scratch/users/h61084/codes/selectime/outputs/selectime/ts_icl/retrieval/validation/OpenElectricity_NEM/5T/short/run_0 source_launch=selena_3458552 launch_id=selena_3506722 slurm_job_id=3506722 launched_at=2026-09-20T19:38:17.209367+00:00
TIME run allocation action=skip run=/fslarge/scratch/users/h61084/codes/selectime/outputs/selectime/ts_icl/retrieval/validation/OpenElectricity_NEM/5T/medium/run_0 source_launch=selena_3458552 launch_id=selena_3506722 slurm_job_id=3506722 launched_at=2026-09-20T19:38:17.216909+00:00
TIME run allocation action=skip run=/fslarge/scratch/users/h61084/codes/selectime/outputs/selectime/ts_icl/retrieval/validation/OpenElectricity_NEM/5T/long/run_0 source_launch=selena_3458552 launch_id=selena_3506722 slurm_job_id=3506722 launched_at=2026-09-20T19:38:17.224374+00:00
TIME run allocation action=skip run=/fslarge/scratch/users/h61084/codes/selectime/outputs/selectime/ts_icl/retrieval/validation/EWELD_Load/15T/short/run_0 source_launch=selena_3458552 launch_id=selena_3506722 slurm_job_id=3506722 launched_at=2026-09-20T19:38:17.232010+00:00
TIME run allocation action=skip run=/fslarge/scratch/users/h61084/codes/selectime/outputs/selectime/ts_icl/retrieval/validation/EWELD_Load/15T/medium/run_0 source_launch=selena_3458552 launch_id=selena_3506722 slurm_job_id=3506722 launched_at=2026-09-20T19:38:17.239670+00:00
TIME run allocation action=skip run=/fslarge/scratch/users/h61084/codes/selectime/outputs/selectime/ts_icl/retrieval/validation/EWELD_Load/15T/long/run_0 source_launch=selena_3458552 launch_id=selena_3506722 slurm_job_id=3506722 launched_at=2026-09-20T19:38:17.248083+00:00
TIME run allocation action=skip run=/fslarge/scratch/users/h61084/codes/selectime/outputs/selectime/ts_icl/retrieval/validation/SG_Carpark/15T/short/run_0 source_launch=selena_3458552 launch_id=selena_3506722 slurm_job_id=3506722 launched_at=2026-09-20T19:38:17.255700+00:00
TIME run allocation action=skip run=/fslarge/scratch/users/h61084/codes/selectime/outputs/selectime/ts_icl/retrieval/validation/SG_Carpark/15T/medium/run_0 source_launch=selena_3458552 launch_id=selena_3506722 slurm_job_id=3506722 launched_at=2026-09-20T19:38:17.263205+00:00
TIME run allocation action=skip run=/fslarge/scratch/users/h61084/codes/selectime/outputs/selectime/ts_icl/retrieval/validation/SG_Carpark/15T/long/run_0 source_launch=selena_3458552 launch_id=selena_3506722 slurm_job_id=3506722 launched_at=2026-09-20T19:38:17.270608+00:00
TIME run allocation action=skip run=/fslarge/scratch/users/h61084/codes/selectime/outputs/selectime/ts_icl/retrieval/validation/Finland_Traffic/15T/short/run_0 source_launch=selena_3458552 launch_id=selena_3506722 slurm_job_id=3506722 launched_at=2026-09-20T19:38:17.278043+00:00
TIME run allocation action=skip run=/fslarge/scratch/users/h61084/codes/selectime/outputs/selectime/ts_icl/retrieval/validation/Finland_Traffic/15T/medium/run_0 source_launch=selena_3458552 launch_id=selena_3506722 slurm_job_id=3506722 launched_at=2026-09-20T19:38:17.285474+00:00
TIME run allocation action=skip run=/fslarge/scratch/users/h61084/codes/selectime/outputs/selectime/ts_icl/retrieval/validation/Finland_Traffic/15T/long/run_0 source_launch=selena_3458552 launch_id=selena_3506722 slurm_job_id=3506722 launched_at=2026-09-20T19:38:17.293119+00:00
TIME run allocation action=skip run=/fslarge/scratch/users/h61084/codes/selectime/outputs/selectime/ts_icl/retrieval/validation/Port_Activity/D/short/run_0 source_launch=selena_3458552 launch_id=selena_3506722 slurm_job_id=3506722 launched_at=2026-09-20T19:38:17.301486+00:00
TIME run allocation action=skip run=/fslarge/scratch/users/h61084/codes/selectime/outputs/selectime/ts_icl/retrieval/validation/Port_Activity/W/short/run_0 source_launch=selena_3458552 launch_id=selena_3506722 slurm_job_id=3506722 launched_at=2026-09-20T19:38:17.309025+00:00
TIME run allocation action=skip run=/fslarge/scratch/users/h61084/codes/selectime/outputs/selectime/ts_icl/retrieval/validation/ECDC_COVID/D/short/run_0 source_launch=selena_3458552 launch_id=selena_3506722 slurm_job_id=3506722 launched_at=2026-09-20T19:38:17.316701+00:00
TIME run allocation action=skip run=/fslarge/scratch/users/h61084/codes/selectime/outputs/selectime/ts_icl/retrieval/validation/ECDC_COVID/W/short/run_0 source_launch=selena_3458552 launch_id=selena_3506722 slurm_job_id=3506722 launched_at=2026-09-20T19:38:17.324326+00:00
TIME run allocation action=skip run=/fslarge/scratch/users/h61084/codes/selectime/outputs/selectime/ts_icl/retrieval/validation/Global_Influenza/W/short/run_0 source_launch=selena_3458552 launch_id=selena_3506722 slurm_job_id=3506722 launched_at=2026-09-20T19:38:17.333375+00:00
TIME run allocation action=skip run=/fslarge/scratch/users/h61084/codes/selectime/outputs/selectime/ts_icl/retrieval/validation/Crypto/D/short/run_0 source_launch=selena_3458552 launch_id=selena_3506722 slurm_job_id=3506722 launched_at=2026-09-20T19:38:17.341361+00:00
TIME run allocation action=skip run=/fslarge/scratch/users/h61084/codes/selectime/outputs/selectime/ts_icl/retrieval/validation/US_Term_Structure/B/short/run_0 source_launch=selena_3458552 launch_id=selena_3506722 slurm_job_id=3506722 launched_at=2026-09-20T19:38:17.348764+00:00
TIME run allocation action=skip run=/fslarge/scratch/users/h61084/codes/selectime/outputs/selectime/ts_icl/retrieval/validation/Oil_Price/B/short/run_0 source_launch=selena_3458552 launch_id=selena_3506722 slurm_job_id=3506722 launched_at=2026-09-20T19:38:17.356247+00:00
TIME run allocation action=skip run=/fslarge/scratch/users/h61084/codes/selectime/outputs/selectime/ts_icl/retrieval/validation/Job_Claims/W/short/run_0 source_launch=selena_3458552 launch_id=selena_3506722 slurm_job_id=3506722 launched_at=2026-09-20T19:38:17.363859+00:00
TIME run allocation action=skip run=/fslarge/scratch/users/h61084/codes/selectime/outputs/selectime/ts_icl/retrieval/validation/Uncertainty_1M/M/short/run_0 source_launch=selena_3458552 launch_id=selena_3506722 slurm_job_id=3506722 launched_at=2026-09-20T19:38:17.371274+00:00
TIME run allocation action=skip run=/fslarge/scratch/users/h61084/codes/selectime/outputs/selectime/ts_icl/retrieval/validation/Housing_Inventory/M/short/run_0 source_launch=selena_3458552 launch_id=selena_3506722 slurm_job_id=3506722 launched_at=2026-09-20T19:38:17.378756+00:00
TIME run allocation action=skip run=/fslarge/scratch/users/h61084/codes/selectime/outputs/selectime/ts_icl/retrieval/validation/JOLTS/M/short/run_0 source_launch=selena_3458552 launch_id=selena_3506722 slurm_job_id=3506722 launched_at=2026-09-20T19:38:17.386981+00:00
TIME run allocation action=skip run=/fslarge/scratch/users/h61084/codes/selectime/outputs/selectime/ts_icl/retrieval/validation/US_Labor/M/short/run_0 source_launch=selena_3458552 launch_id=selena_3506722 slurm_job_id=3506722 launched_at=2026-09-20T19:38:17.394324+00:00
TIME run allocation action=skip run=/fslarge/scratch/users/h61084/codes/selectime/outputs/selectime/ts_icl/retrieval/validation/Vehicle_Supply/M/short/run_0 source_launch=selena_3458552 launch_id=selena_3506722 slurm_job_id=3506722 launched_at=2026-09-20T19:38:17.402016+00:00
TIME run allocation action=skip run=/fslarge/scratch/users/h61084/codes/selectime/outputs/selectime/ts_icl/retrieval/validation/Auto_Production_SF/M/short/run_0 source_launch=selena_3458552 launch_id=selena_3506722 slurm_job_id=3506722 launched_at=2026-09-20T19:38:17.409675+00:00
TIME run allocation action=skip run=/fslarge/scratch/users/h61084/codes/selectime/outputs/selectime/ts_icl/retrieval/validation/Commodity_Production/M/short/run_0 source_launch=selena_3458552 launch_id=selena_3506722 slurm_job_id=3506722 launched_at=2026-09-20T19:38:17.417195+00:00
TIME run allocation action=skip run=/fslarge/scratch/users/h61084/codes/selectime/outputs/selectime/ts_icl/retrieval/validation/Commodity_Import/M/short/run_0 source_launch=selena_3458552 launch_id=selena_3506722 slurm_job_id=3506722 launched_at=2026-09-20T19:38:17.424708+00:00
TIME run allocation action=skip run=/fslarge/scratch/users/h61084/codes/selectime/outputs/selectime/ts_icl/retrieval/validation/WUI_Global/Q/short/run_0 source_launch=selena_3458552 launch_id=selena_3506722 slurm_job_id=3506722 launched_at=2026-09-20T19:38:17.432303+00:00
TIME run allocation action=skip run=/fslarge/scratch/users/h61084/codes/selectime/outputs/selectime/ts_icl/retrieval/validation/Global_Price/Q/short/run_0 source_launch=selena_3458552 launch_id=selena_3506722 slurm_job_id=3506722 launched_at=2026-09-20T19:38:17.439734+00:00
TIME run allocation action=skip run=/fslarge/scratch/users/h61084/codes/selectime/outputs/selectime/ts_icl/retrieval/validation/Vehicle_Sales/M/short/run_0 source_launch=selena_3458552 launch_id=selena_3506722 slurm_job_id=3506722 launched_at=2026-09-20T19:38:17.446950+00:00
TIME run allocation action=skip run=/fslarge/scratch/users/h61084/codes/selectime/outputs/selectime/ts_icl/retrieval/validation/Online_Retail_2_UCI/D/short/run_0 source_launch=selena_3458552 launch_id=selena_3506722 slurm_job_id=3506722 launched_at=2026-09-20T19:38:17.454465+00:00
TIME run allocation action=skip run=/fslarge/scratch/users/h61084/codes/selectime/outputs/selectime/ts_icl/retrieval/validation/Supply_Chain_Customer/D/short/run_0 source_launch=selena_3458552 launch_id=selena_3506722 slurm_job_id=3506722 launched_at=2026-09-20T19:38:17.461735+00:00
TIME run allocation action=skip run=/fslarge/scratch/users/h61084/codes/selectime/outputs/selectime/ts_icl/retrieval/validation/Supply_Chain_Location/D/short/run_0 source_launch=selena_3458552 launch_id=selena_3506722 slurm_job_id=3506722 launched_at=2026-09-20T19:38:17.469034+00:00
TIME run allocation action=skip run=/fslarge/scratch/users/h61084/codes/selectime/outputs/selectime/ts_icl/retrieval/validation/azure2019_U/5T/short/run_0 source_launch=selena_3458552 launch_id=selena_3506722 slurm_job_id=3506722 launched_at=2026-09-20T19:38:17.476337+00:00
TIME run allocation action=skip run=/fslarge/scratch/users/h61084/codes/selectime/outputs/selectime/ts_icl/retrieval/validation/Smart_Manufacturing/H/short/run_0 source_launch=selena_3458552 launch_id=selena_3506722 slurm_job_id=3506722 launched_at=2026-09-20T19:38:17.483663+00:00
TIME run allocation action=skip run=/fslarge/scratch/users/h61084/codes/selectime/outputs/selectime/ts_icl/retrieval/validation/Smart_Manufacturing/H/medium/run_0 source_launch=selena_3458552 launch_id=selena_3506722 slurm_job_id=3506722 launched_at=2026-09-20T19:38:17.490948+00:00
TIME run allocation action=skip run=/fslarge/scratch/users/h61084/codes/selectime/outputs/selectime/ts_icl/retrieval/validation/Smart_Manufacturing/H/long/run_0 source_launch=selena_3458552 launch_id=selena_3506722 slurm_job_id=3506722 launched_at=2026-09-20T19:38:17.498169+00:00
TIME run allocation action=skip run=/fslarge/scratch/users/h61084/codes/selectime/outputs/selectime/ts_icl/retrieval/validation/MetroPT-3/5T/short/run_0 source_launch=selena_3458552 launch_id=selena_3506722 slurm_job_id=3506722 launched_at=2026-09-20T19:38:17.505816+00:00
TIME run allocation action=skip run=/fslarge/scratch/users/h61084/codes/selectime/outputs/selectime/ts_icl/retrieval/validation/MetroPT-3/5T/medium/run_0 source_launch=selena_3458552 launch_id=selena_3506722 slurm_job_id=3506722 launched_at=2026-09-20T19:38:17.513605+00:00
TIME run allocation action=skip run=/fslarge/scratch/users/h61084/codes/selectime/outputs/selectime/ts_icl/retrieval/validation/MetroPT-3/5T/long/run_0 source_launch=selena_3458552 launch_id=selena_3506722 slurm_job_id=3506722 launched_at=2026-09-20T19:38:17.521286+00:00
[2026-09-20 19:38:24 UTC] Slurm=3506722 launch=selena_3506722 stage=predict_validation prediction_group=vanilla
[2026-09-20 19:38:25 UTC] dataset_config=/fssmall/home/h61084/codes/selectime/src/timebench/config/datasets.yaml applied_keys=datasets,selectime_tasks tasks=90
[2026-09-20 19:38:25 UTC] stage=predict_validation tasks=90 seed=0 Slurm=3506722
[2026-09-20 21:38:26,503][datasets][INFO] - PyTorch version 2.9.1 available.
TIME run allocation action=resume run=/fslarge/scratch/users/h61084/codes/selectime/outputs/selectime/ts_icl/predictions/validation/vanilla_univariate/Water_Quality_Darwin/15T/short/run_0 launch_id=selena_3506722 slurm_job_id=3506722 launched_at=2026-09-20T19:38:27.969897+00:00 resumed_from_launch=selena_3458552 resumed_from_job=3458552
[2026-09-20 19:38:27 UTC] predict_validation method=vanilla_univariate Water_Quality_Darwin/15T/short
TIME run allocation action=new run=/fslarge/scratch/users/h61084/codes/selectime/outputs/selectime/ts_icl/predictions/validation/vanilla_univariate/Water_Quality_Darwin/15T/medium/run_0 launch_id=selena_3506722 slurm_job_id=3506722 launched_at=2026-09-20T19:40:20.886988+00:00
[2026-09-20 19:40:20 UTC] predict_validation method=vanilla_univariate Water_Quality_Darwin/15T/medium
TIME run allocation action=new run=/fslarge/scratch/users/h61084/codes/selectime/outputs/selectime/ts_icl/predictions/validation/vanilla_univariate/Water_Quality_Darwin/15T/long/run_0 launch_id=selena_3506722 slurm_job_id=3506722 launched_at=2026-09-20T19:40:26.330536+00:00
[2026-09-20 19:40:26 UTC] predict_validation method=vanilla_univariate Water_Quality_Darwin/15T/long
TIME run allocation action=new run=/fslarge/scratch/users/h61084/codes/selectime/outputs/selectime/ts_icl/predictions/validation/vanilla_univariate/current_velocity/5T/short/run_0 launch_id=selena_3506722 slurm_job_id=3506722 launched_at=2026-09-20T19:40:28.369128+00:00
[2026-09-20 19:40:28 UTC] predict_validation method=vanilla_univariate current_velocity/5T/short
TIME run allocation action=new run=/fslarge/scratch/users/h61084/codes/selectime/outputs/selectime/ts_icl/predictions/validation/vanilla_univariate/current_velocity/5T/medium/run_0 launch_id=selena_3506722 slurm_job_id=3506722 launched_at=2026-09-20T19:40:34.285322+00:00
[2026-09-20 19:40:34 UTC] predict_validation method=vanilla_univariate current_velocity/5T/medium
TIME run allocation action=new run=/fslarge/scratch/users/h61084/codes/selectime/outputs/selectime/ts_icl/predictions/validation/vanilla_univariate/current_velocity/5T/long/run_0 launch_id=selena_3506722 slurm_job_id=3506722 launched_at=2026-09-20T19:40:35.132080+00:00
[2026-09-20 19:40:35 UTC] predict_validation method=vanilla_univariate current_velocity/5T/long
TIME run allocation action=new run=/fslarge/scratch/users/h61084/codes/selectime/outputs/selectime/ts_icl/predictions/validation/vanilla_univariate/current_velocity/10T/short/run_0 launch_id=selena_3506722 slurm_job_id=3506722 launched_at=2026-09-20T19:40:36.027230+00:00
[2026-09-20 19:40:36 UTC] predict_validation method=vanilla_univariate current_velocity/10T/short
TIME run allocation action=new run=/fslarge/scratch/users/h61084/codes/selectime/outputs/selectime/ts_icl/predictions/validation/vanilla_univariate/current_velocity/10T/medium/run_0 launch_id=selena_3506722 slurm_job_id=3506722 launched_at=2026-09-20T19:41:28.139082+00:00
[2026-09-20 19:41:28 UTC] predict_validation method=vanilla_univariate current_velocity/10T/medium
TIME run allocation action=new run=/fslarge/scratch/users/h61084/codes/selectime/outputs/selectime/ts_icl/predictions/validation/vanilla_univariate/current_velocity/10T/long/run_0 launch_id=selena_3506722 slurm_job_id=3506722 launched_at=2026-09-20T19:41:36.176358+00:00
[2026-09-20 19:41:36 UTC] predict_validation method=vanilla_univariate current_velocity/10T/long
TIME run allocation action=new run=/fslarge/scratch/users/h61084/codes/selectime/outputs/selectime/ts_icl/predictions/validation/vanilla_univariate/current_velocity/15T/short/run_0 launch_id=selena_3506722 slurm_job_id=3506722 launched_at=2026-09-20T19:41:39.207639+00:00
[2026-09-20 19:41:39 UTC] predict_validation method=vanilla_univariate current_velocity/15T/short
TIME run allocation action=new run=/fslarge/scratch/users/h61084/codes/selectime/outputs/selectime/ts_icl/predictions/validation/vanilla_univariate/current_velocity/15T/medium/run_0 launch_id=selena_3506722 slurm_job_id=3506722 launched_at=2026-09-20T19:41:54.635662+00:00
[2026-09-20 19:41:54 UTC] predict_validation method=vanilla_univariate current_velocity/15T/medium
TIME run allocation action=new run=/fslarge/scratch/users/h61084/codes/selectime/outputs/selectime/ts_icl/predictions/validation/vanilla_univariate/current_velocity/15T/long/run_0 launch_id=selena_3506722 slurm_job_id=3506722 launched_at=2026-09-20T19:41:58.948218+00:00
[2026-09-20 19:41:58 UTC] predict_validation method=vanilla_univariate current_velocity/15T/long
TIME run allocation action=new run=/fslarge/scratch/users/h61084/codes/selectime/outputs/selectime/ts_icl/predictions/validation/vanilla_univariate/current_velocity/H/short/run_0 launch_id=selena_3506722 slurm_job_id=3506722 launched_at=2026-09-20T19:42:00.601923+00:00
[2026-09-20 19:42:00 UTC] predict_validation method=vanilla_univariate current_velocity/H/short
TIME run allocation action=new run=/fslarge/scratch/users/h61084/codes/selectime/outputs/selectime/ts_icl/predictions/validation/vanilla_univariate/current_velocity/H/medium/run_0 launch_id=selena_3506722 slurm_job_id=3506722 launched_at=2026-09-20T19:42:26.210065+00:00
[2026-09-20 19:42:26 UTC] predict_validation method=vanilla_univariate current_velocity/H/medium
TIME run allocation action=new run=/fslarge/scratch/users/h61084/codes/selectime/outputs/selectime/ts_icl/predictions/validation/vanilla_univariate/current_velocity/H/long/run_0 launch_id=selena_3506722 slurm_job_id=3506722 launched_at=2026-09-20T19:42:30.506775+00:00
[2026-09-20 19:42:30 UTC] predict_validation method=vanilla_univariate current_velocity/H/long
TIME run allocation action=new run=/fslarge/scratch/users/h61084/codes/selectime/outputs/selectime/ts_icl/predictions/validation/vanilla_univariate/CPHL/15T/short/run_0 launch_id=selena_3506722 slurm_job_id=3506722 launched_at=2026-09-20T19:42:32.739286+00:00
[2026-09-20 19:42:32 UTC] predict_validation method=vanilla_univariate CPHL/15T/short
TIME run allocation action=new run=/fslarge/scratch/users/h61084/codes/selectime/outputs/selectime/ts_icl/predictions/validation/vanilla_univariate/CPHL/15T/medium/run_0 launch_id=selena_3506722 slurm_job_id=3506722 launched_at=2026-09-20T19:42:34.172201+00:00
[2026-09-20 19:42:34 UTC] predict_validation method=vanilla_univariate CPHL/15T/medium
TIME run allocation action=new run=/fslarge/scratch/users/h61084/codes/selectime/outputs/selectime/ts_icl/predictions/validation/vanilla_univariate/CPHL/15T/long/run_0 launch_id=selena_3506722 slurm_job_id=3506722 launched_at=2026-09-20T19:42:34.461626+00:00
[2026-09-20 19:42:34 UTC] predict_validation method=vanilla_univariate CPHL/15T/long
TIME run allocation action=new run=/fslarge/scratch/users/h61084/codes/selectime/outputs/selectime/ts_icl/predictions/validation/vanilla_univariate/CPHL/30T/short/run_0 launch_id=selena_3506722 slurm_job_id=3506722 launched_at=2026-09-20T19:42:34.593589+00:00
[2026-09-20 19:42:34 UTC] predict_validation method=vanilla_univariate CPHL/30T/short
TIME run allocation action=new run=/fslarge/scratch/users/h61084/codes/selectime/outputs/selectime/ts_icl/predictions/validation/vanilla_univariate/CPHL/30T/medium/run_0 launch_id=selena_3506722 slurm_job_id=3506722 launched_at=2026-09-20T19:42:36.505992+00:00
[2026-09-20 19:42:36 UTC] predict_validation method=vanilla_univariate CPHL/30T/medium
TIME run allocation action=new run=/fslarge/scratch/users/h61084/codes/selectime/outputs/selectime/ts_icl/predictions/validation/vanilla_univariate/CPHL/30T/long/run_0 launch_id=selena_3506722 slurm_job_id=3506722 launched_at=2026-09-20T19:42:37.046954+00:00
[2026-09-20 19:42:37 UTC] predict_validation method=vanilla_univariate CPHL/30T/long
TIME run allocation action=new run=/fslarge/scratch/users/h61084/codes/selectime/outputs/selectime/ts_icl/predictions/validation/vanilla_univariate/CPHL/H/short/run_0 launch_id=selena_3506722 slurm_job_id=3506722 launched_at=2026-09-20T19:42:37.261743+00:00
[2026-09-20 19:42:37 UTC] predict_validation method=vanilla_univariate CPHL/H/short
TIME run allocation action=new run=/fslarge/scratch/users/h61084/codes/selectime/outputs/selectime/ts_icl/predictions/validation/vanilla_univariate/CPHL/H/medium/run_0 launch_id=selena_3506722 slurm_job_id=3506722 launched_at=2026-09-20T19:42:38.246883+00:00
[2026-09-20 19:42:38 UTC] predict_validation method=vanilla_univariate CPHL/H/medium
TIME run allocation action=new run=/fslarge/scratch/users/h61084/codes/selectime/outputs/selectime/ts_icl/predictions/validation/vanilla_univariate/CPHL/H/long/run_0 launch_id=selena_3506722 slurm_job_id=3506722 launched_at=2026-09-20T19:42:38.502131+00:00
[2026-09-20 19:42:38 UTC] predict_validation method=vanilla_univariate CPHL/H/long
TIME run allocation action=new run=/fslarge/scratch/users/h61084/codes/selectime/outputs/selectime/ts_icl/predictions/validation/vanilla_univariate/Coastal_T_S/15T/short/run_0 launch_id=selena_3506722 slurm_job_id=3506722 launched_at=2026-09-20T19:42:38.861911+00:00
[2026-09-20 19:42:38 UTC] predict_validation method=vanilla_univariate Coastal_T_S/15T/short
TIME run allocation action=new run=/fslarge/scratch/users/h61084/codes/selectime/outputs/selectime/ts_icl/predictions/validation/vanilla_univariate/Coastal_T_S/15T/medium/run_0 launch_id=selena_3506722 slurm_job_id=3506722 launched_at=2026-09-20T19:42:53.907044+00:00
[2026-09-20 19:42:53 UTC] predict_validation method=vanilla_univariate Coastal_T_S/15T/medium
TIME run allocation action=new run=/fslarge/scratch/users/h61084/codes/selectime/outputs/selectime/ts_icl/predictions/validation/vanilla_univariate/Coastal_T_S/15T/long/run_0 launch_id=selena_3506722 slurm_job_id=3506722 launched_at=2026-09-20T19:42:55.904180+00:00
[2026-09-20 19:42:55 UTC] predict_validation method=vanilla_univariate Coastal_T_S/15T/long
TIME run allocation action=new run=/fslarge/scratch/users/h61084/codes/selectime/outputs/selectime/ts_icl/predictions/validation/vanilla_univariate/Coastal_T_S/20T/short/run_0 launch_id=selena_3506722 slurm_job_id=3506722 launched_at=2026-09-20T19:42:56.632231+00:00
[2026-09-20 19:42:56 UTC] predict_validation method=vanilla_univariate Coastal_T_S/20T/short
TIME run allocation action=new run=/fslarge/scratch/users/h61084/codes/selectime/outputs/selectime/ts_icl/predictions/validation/vanilla_univariate/Coastal_T_S/20T/medium/run_0 launch_id=selena_3506722 slurm_job_id=3506722 launched_at=2026-09-20T19:42:58.367950+00:00
[2026-09-20 19:42:58 UTC] predict_validation method=vanilla_univariate Coastal_T_S/20T/medium
TIME run allocation action=new run=/fslarge/scratch/users/h61084/codes/selectime/outputs/selectime/ts_icl/predictions/validation/vanilla_univariate/Coastal_T_S/20T/long/run_0 launch_id=selena_3506722 slurm_job_id=3506722 launched_at=2026-09-20T19:42:58.778918+00:00
[2026-09-20 19:42:58 UTC] predict_validation method=vanilla_univariate Coastal_T_S/20T/long
TIME run allocation action=new run=/fslarge/scratch/users/h61084/codes/selectime/outputs/selectime/ts_icl/predictions/validation/vanilla_univariate/Coastal_T_S/H/short/run_0 launch_id=selena_3506722 slurm_job_id=3506722 launched_at=2026-09-20T19:42:59.108842+00:00
[2026-09-20 19:42:59 UTC] predict_validation method=vanilla_univariate Coastal_T_S/H/short
TIME run allocation action=new run=/fslarge/scratch/users/h61084/codes/selectime/outputs/selectime/ts_icl/predictions/validation/vanilla_univariate/Coastal_T_S/H/medium/run_0 launch_id=selena_3506722 slurm_job_id=3506722 launched_at=2026-09-20T19:43:18.836037+00:00
[2026-09-20 19:43:18 UTC] predict_validation method=vanilla_univariate Coastal_T_S/H/medium
TIME run allocation action=new run=/fslarge/scratch/users/h61084/codes/selectime/outputs/selectime/ts_icl/predictions/validation/vanilla_univariate/Coastal_T_S/H/long/run_0 launch_id=selena_3506722 slurm_job_id=3506722 launched_at=2026-09-20T19:43:21.431193+00:00
[2026-09-20 19:43:21 UTC] predict_validation method=vanilla_univariate Coastal_T_S/H/long
TIME run allocation action=new run=/fslarge/scratch/users/h61084/codes/selectime/outputs/selectime/ts_icl/predictions/validation/vanilla_univariate/SG_Weather/D/short/run_0 launch_id=selena_3506722 slurm_job_id=3506722 launched_at=2026-09-20T19:43:22.852567+00:00
[2026-09-20 19:43:22 UTC] predict_validation method=vanilla_univariate SG_Weather/D/short
