/fssmall/home/h61084/codes/selectime/.venv/lib/python3.12/site-packages/gluonts/time_feature/seasonality.py:47: FutureWarning: 'T' is deprecated and will be removed in a future version, please use 'min' instead.
  offset = pd.tseries.frequencies.to_offset(freq)
/fssmall/home/h61084/codes/selectime/.venv/lib/python3.12/site-packages/gluonts/time_feature/seasonality.py:47: FutureWarning: 'H' is deprecated and will be removed in a future version, please use 'h' instead.
  offset = pd.tseries.frequencies.to_offset(freq)
/fssmall/home/h61084/codes/selectime/.venv/lib/python3.12/site-packages/gluonts/time_feature/seasonality.py:47: FutureWarning: 'M' is deprecated and will be removed in a future version, please use 'ME' instead.
  offset = pd.tseries.frequencies.to_offset(freq)
/fssmall/home/h61084/codes/selectime/.venv/lib/python3.12/site-packages/gluonts/time_feature/seasonality.py:47: FutureWarning: 'Q' is deprecated and will be removed in a future version, please use 'QE' instead.
  offset = pd.tseries.frequencies.to_offset(freq)
/fssmall/home/h61084/codes/selectime/src/timebench/data/windows.py:67: FutureWarning: Period with BDay freq is deprecated and will be removed in a future version. Use a DatetimeIndex with BDay freq instead.
  period = pd.Period(pd.Timestamp(row['start']), freq=frequency)
/fssmall/home/h61084/codes/selectime/.venv/lib/python3.12/site-packages/gluonts/time_feature/seasonality.py:47: FutureWarning: 'T' is deprecated and will be removed in a future version, please use 'min' instead.
  offset = pd.tseries.frequencies.to_offset(freq)
/fssmall/home/h61084/codes/selectime/.venv/lib/python3.12/site-packages/gluonts/time_feature/seasonality.py:47: FutureWarning: 'H' is deprecated and will be removed in a future version, please use 'h' instead.
  offset = pd.tseries.frequencies.to_offset(freq)
/fssmall/home/h61084/codes/selectime/.venv/lib/python3.12/site-packages/gluonts/time_feature/seasonality.py:47: FutureWarning: 'M' is deprecated and will be removed in a future version, please use 'ME' instead.
  offset = pd.tseries.frequencies.to_offset(freq)
/fssmall/home/h61084/codes/selectime/.venv/lib/python3.12/site-packages/gluonts/time_feature/seasonality.py:47: FutureWarning: 'Q' is deprecated and will be removed in a future version, please use 'QE' instead.
  offset = pd.tseries.frequencies.to_offset(freq)
/fssmall/home/h61084/codes/selectime/src/timebench/data/windows.py:67: FutureWarning: Period with BDay freq is deprecated and will be removed in a future version. Use a DatetimeIndex with BDay freq instead.
  period = pd.Period(pd.Timestamp(row['start']), freq=frequency)
/fssmall/home/h61084/codes/selectime/src/timebench/data/windows.py:67: FutureWarning: Period with BDay freq is deprecated and will be removed in a future version. Use a DatetimeIndex with BDay freq instead.
  period = pd.Period(pd.Timestamp(row['start']), freq=frequency)
/fssmall/home/h61084/codes/selectime/.venv/lib/python3.12/site-packages/gluonts/time_feature/seasonality.py:47: FutureWarning: 'T' is deprecated and will be removed in a future version, please use 'min' instead.
  offset = pd.tseries.frequencies.to_offset(freq)
/fssmall/home/h61084/codes/selectime/.venv/lib/python3.12/site-packages/gluonts/time_feature/seasonality.py:47: FutureWarning: 'H' is deprecated and will be removed in a future version, please use 'h' instead.
  offset = pd.tseries.frequencies.to_offset(freq)
/fssmall/home/h61084/codes/selectime/.venv/lib/python3.12/site-packages/gluonts/time_feature/seasonality.py:47: FutureWarning: 'M' is deprecated and will be removed in a future version, please use 'ME' instead.
  offset = pd.tseries.frequencies.to_offset(freq)
/fssmall/home/h61084/codes/selectime/.venv/lib/python3.12/site-packages/gluonts/time_feature/seasonality.py:47: FutureWarning: 'Q' is deprecated and will be removed in a future version, please use 'QE' instead.
  offset = pd.tseries.frequencies.to_offset(freq)
Error executing job with overrides: ['model=ts_icl', 'experiment_mode=full', 'stage=predict_validation', 'prediction_group=vanilla']
Traceback (most recent call last):
  File "/fssmall/home/h61084/codes/selectime/src/scripts/run_selectime.py", line 10, in main
    run(config)
  File "/fssmall/home/h61084/codes/selectime/src/timebench/scripts/entry.py", line 17, in run
    Workflow(resolved).run(stage or resolved['stage'])
  File "/fssmall/home/h61084/codes/selectime/src/timebench/pipeline/workflow.py", line 612, in run
    self.predict(stage.removeprefix('predict_'))
  File "/fssmall/home/h61084/codes/selectime/src/timebench/pipeline/workflow.py", line 343, in predict
    model = load_forecaster(self.model, self.weights, self.device, self.context_length)
            ^^^^^^^^^^^^^^^^^^^^^^^^^^^^^^^^^^^^^^^^^^^^^^^^^^^^^^^^^^^^^^^^^^^^^^^^^^^
  File "/fssmall/home/h61084/codes/selectime/src/timebench/model_loading/__init__.py", line 10, in load_forecaster
    return Forecaster(weights, device, context_length)
           ^^^^^^^^^^^^^^^^^^^^^^^^^^^^^^^^^^^^^^^^^^^
  File "/fssmall/home/h61084/codes/selectime/src/timebench/model_loading/ts_icl.py", line 16, in __init__
    from tsicl import TSICL
ModuleNotFoundError: No module named 'tsicl'

Set the environment variable HYDRA_FULL_ERROR=1 for a complete stack trace.
srun: error: sean0014: task 0: Exited with exit code 1
