[2026-09-17 10:12:34 UTC] Slurm=3458552 launch=selena_3458552 stage=prepare prediction_group=all
[2026-09-17 10:12:38 UTC] dataset_config=/fssmall/home/h61084/codes/selectime/src/timebench/config/datasets.yaml applied_keys=datasets,selectime_tasks tasks=90
[2026-09-17 10:12:38 UTC] stage=prepare tasks=90 seed=0 Slurm=3458552
TIME run allocation action=new run=/fslarge/scratch/users/h61084/codes/selectime/outputs/selectime/ts_icl/data/shared/Water_Quality_Darwin/15T/short/run_0 launch_id=selena_3458552 slurm_job_id=3458552 launched_at=2026-09-17T10:12:38.098501+00:00
[2026-09-17 10:12:38 UTC] prepare Water_Quality_Darwin/15T/short
[2026-09-17 12:12:38,833][datasets][INFO] - PyTorch version 2.9.1 available.
TIME run allocation action=new run=/fslarge/scratch/users/h61084/codes/selectime/outputs/selectime/ts_icl/data/shared/Water_Quality_Darwin/15T/medium/run_0 launch_id=selena_3458552 slurm_job_id=3458552 launched_at=2026-09-17T10:12:39.704325+00:00
[2026-09-17 10:12:39 UTC] prepare Water_Quality_Darwin/15T/medium
TIME run allocation action=new run=/fslarge/scratch/users/h61084/codes/selectime/outputs/selectime/ts_icl/data/shared/Water_Quality_Darwin/15T/long/run_0 launch_id=selena_3458552 slurm_job_id=3458552 launched_at=2026-09-17T10:12:39.884931+00:00
[2026-09-17 10:12:39 UTC] prepare Water_Quality_Darwin/15T/long
TIME run allocation action=new run=/fslarge/scratch/users/h61084/codes/selectime/outputs/selectime/ts_icl/data/shared/current_velocity/5T/short/run_0 launch_id=selena_3458552 slurm_job_id=3458552 launched_at=2026-09-17T10:12:40.014373+00:00
[2026-09-17 10:12:40 UTC] prepare current_velocity/5T/short
TIME run allocation action=new run=/fslarge/scratch/users/h61084/codes/selectime/outputs/selectime/ts_icl/data/shared/current_velocity/5T/medium/run_0 launch_id=selena_3458552 slurm_job_id=3458552 launched_at=2026-09-17T10:12:40.057483+00:00
[2026-09-17 10:12:40 UTC] prepare current_velocity/5T/medium
TIME run allocation action=new run=/fslarge/scratch/users/h61084/codes/selectime/outputs/selectime/ts_icl/data/shared/current_velocity/5T/long/run_0 launch_id=selena_3458552 slurm_job_id=3458552 launched_at=2026-09-17T10:12:40.086831+00:00
[2026-09-17 10:12:40 UTC] prepare current_velocity/5T/long
TIME run allocation action=new run=/fslarge/scratch/users/h61084/codes/selectime/outputs/selectime/ts_icl/data/shared/current_velocity/10T/short/run_0 launch_id=selena_3458552 slurm_job_id=3458552 launched_at=2026-09-17T10:12:40.115034+00:00
[2026-09-17 10:12:40 UTC] prepare current_velocity/10T/short
TIME run allocation action=new run=/fslarge/scratch/users/h61084/codes/selectime/outputs/selectime/ts_icl/data/shared/current_velocity/10T/medium/run_0 launch_id=selena_3458552 slurm_job_id=3458552 launched_at=2026-09-17T10:12:40.512438+00:00
[2026-09-17 10:12:40 UTC] prepare current_velocity/10T/medium
TIME run allocation action=new run=/fslarge/scratch/users/h61084/codes/selectime/outputs/selectime/ts_icl/data/shared/current_velocity/10T/long/run_0 launch_id=selena_3458552 slurm_job_id=3458552 launched_at=2026-09-17T10:12:40.871401+00:00
[2026-09-17 10:12:40 UTC] prepare current_velocity/10T/long
TIME run allocation action=new run=/fslarge/scratch/users/h61084/codes/selectime/outputs/selectime/ts_icl/data/shared/current_velocity/15T/short/run_0 launch_id=selena_3458552 slurm_job_id=3458552 launched_at=2026-09-17T10:12:41.096869+00:00
[2026-09-17 10:12:41 UTC] prepare current_velocity/15T/short
TIME run allocation action=new run=/fslarge/scratch/users/h61084/codes/selectime/outputs/selectime/ts_icl/data/shared/current_velocity/15T/medium/run_0 launch_id=selena_3458552 slurm_job_id=3458552 launched_at=2026-09-17T10:12:41.173852+00:00
[2026-09-17 10:12:41 UTC] prepare current_velocity/15T/medium
TIME run allocation action=new run=/fslarge/scratch/users/h61084/codes/selectime/outputs/selectime/ts_icl/data/shared/current_velocity/15T/long/run_0 launch_id=selena_3458552 slurm_job_id=3458552 launched_at=2026-09-17T10:12:41.229017+00:00
[2026-09-17 10:12:41 UTC] prepare current_velocity/15T/long
TIME run allocation action=new run=/fslarge/scratch/users/h61084/codes/selectime/outputs/selectime/ts_icl/data/shared/current_velocity/H/short/run_0 launch_id=selena_3458552 slurm_job_id=3458552 launched_at=2026-09-17T10:12:41.276561+00:00
[2026-09-17 10:12:41 UTC] prepare current_velocity/H/short
TIME run allocation action=new run=/fslarge/scratch/users/h61084/codes/selectime/outputs/selectime/ts_icl/data/shared/current_velocity/H/medium/run_0 launch_id=selena_3458552 slurm_job_id=3458552 launched_at=2026-09-17T10:12:41.401904+00:00
[2026-09-17 10:12:41 UTC] prepare current_velocity/H/medium
TIME run allocation action=new run=/fslarge/scratch/users/h61084/codes/selectime/outputs/selectime/ts_icl/data/shared/current_velocity/H/long/run_0 launch_id=selena_3458552 slurm_job_id=3458552 launched_at=2026-09-17T10:12:41.580883+00:00
[2026-09-17 10:12:41 UTC] prepare current_velocity/H/long
TIME run allocation action=new run=/fslarge/scratch/users/h61084/codes/selectime/outputs/selectime/ts_icl/data/shared/CPHL/15T/short/run_0 launch_id=selena_3458552 slurm_job_id=3458552 launched_at=2026-09-17T10:12:41.724184+00:00
[2026-09-17 10:12:41 UTC] prepare CPHL/15T/short
TIME run allocation action=new run=/fslarge/scratch/users/h61084/codes/selectime/outputs/selectime/ts_icl/data/shared/CPHL/15T/medium/run_0 launch_id=selena_3458552 slurm_job_id=3458552 launched_at=2026-09-17T10:12:41.749000+00:00
[2026-09-17 10:12:41 UTC] prepare CPHL/15T/medium
TIME run allocation action=new run=/fslarge/scratch/users/h61084/codes/selectime/outputs/selectime/ts_icl/data/shared/CPHL/15T/long/run_0 launch_id=selena_3458552 slurm_job_id=3458552 launched_at=2026-09-17T10:12:41.769050+00:00
[2026-09-17 10:12:41 UTC] prepare CPHL/15T/long
TIME run allocation action=new run=/fslarge/scratch/users/h61084/codes/selectime/outputs/selectime/ts_icl/data/shared/CPHL/30T/short/run_0 launch_id=selena_3458552 slurm_job_id=3458552 launched_at=2026-09-17T10:12:41.788426+00:00
[2026-09-17 10:12:41 UTC] prepare CPHL/30T/short
TIME run allocation action=new run=/fslarge/scratch/users/h61084/codes/selectime/outputs/selectime/ts_icl/data/shared/CPHL/30T/medium/run_0 launch_id=selena_3458552 slurm_job_id=3458552 launched_at=2026-09-17T10:12:41.813963+00:00
[2026-09-17 10:12:41 UTC] prepare CPHL/30T/medium
TIME run allocation action=new run=/fslarge/scratch/users/h61084/codes/selectime/outputs/selectime/ts_icl/data/shared/CPHL/30T/long/run_0 launch_id=selena_3458552 slurm_job_id=3458552 launched_at=2026-09-17T10:12:41.839797+00:00
[2026-09-17 10:12:41 UTC] prepare CPHL/30T/long
TIME run allocation action=new run=/fslarge/scratch/users/h61084/codes/selectime/outputs/selectime/ts_icl/data/shared/CPHL/H/short/run_0 launch_id=selena_3458552 slurm_job_id=3458552 launched_at=2026-09-17T10:12:41.866405+00:00
[2026-09-17 10:12:41 UTC] prepare CPHL/H/short
TIME run allocation action=new run=/fslarge/scratch/users/h61084/codes/selectime/outputs/selectime/ts_icl/data/shared/CPHL/H/medium/run_0 launch_id=selena_3458552 slurm_job_id=3458552 launched_at=2026-09-17T10:12:41.891826+00:00
[2026-09-17 10:12:41 UTC] prepare CPHL/H/medium
TIME run allocation action=new run=/fslarge/scratch/users/h61084/codes/selectime/outputs/selectime/ts_icl/data/shared/CPHL/H/long/run_0 launch_id=selena_3458552 slurm_job_id=3458552 launched_at=2026-09-17T10:12:41.914473+00:00
[2026-09-17 10:12:41 UTC] prepare CPHL/H/long
TIME run allocation action=new run=/fslarge/scratch/users/h61084/codes/selectime/outputs/selectime/ts_icl/data/shared/Coastal_T_S/15T/short/run_0 launch_id=selena_3458552 slurm_job_id=3458552 launched_at=2026-09-17T10:12:41.936820+00:00
[2026-09-17 10:12:41 UTC] prepare Coastal_T_S/15T/short
TIME run allocation action=new run=/fslarge/scratch/users/h61084/codes/selectime/outputs/selectime/ts_icl/data/shared/Coastal_T_S/15T/medium/run_0 launch_id=selena_3458552 slurm_job_id=3458552 launched_at=2026-09-17T10:12:42.021718+00:00
[2026-09-17 10:12:42 UTC] prepare Coastal_T_S/15T/medium
TIME run allocation action=new run=/fslarge/scratch/users/h61084/codes/selectime/outputs/selectime/ts_icl/data/shared/Coastal_T_S/15T/long/run_0 launch_id=selena_3458552 slurm_job_id=3458552 launched_at=2026-09-17T10:12:42.097303+00:00
[2026-09-17 10:12:42 UTC] prepare Coastal_T_S/15T/long
TIME run allocation action=new run=/fslarge/scratch/users/h61084/codes/selectime/outputs/selectime/ts_icl/data/shared/Coastal_T_S/20T/short/run_0 launch_id=selena_3458552 slurm_job_id=3458552 launched_at=2026-09-17T10:12:42.146890+00:00
[2026-09-17 10:12:42 UTC] prepare Coastal_T_S/20T/short
TIME run allocation action=new run=/fslarge/scratch/users/h61084/codes/selectime/outputs/selectime/ts_icl/data/shared/Coastal_T_S/20T/medium/run_0 launch_id=selena_3458552 slurm_job_id=3458552 launched_at=2026-09-17T10:12:42.170824+00:00
[2026-09-17 10:12:42 UTC] prepare Coastal_T_S/20T/medium
TIME run allocation action=new run=/fslarge/scratch/users/h61084/codes/selectime/outputs/selectime/ts_icl/data/shared/Coastal_T_S/20T/long/run_0 launch_id=selena_3458552 slurm_job_id=3458552 launched_at=2026-09-17T10:12:42.190917+00:00
[2026-09-17 10:12:42 UTC] prepare Coastal_T_S/20T/long
TIME run allocation action=new run=/fslarge/scratch/users/h61084/codes/selectime/outputs/selectime/ts_icl/data/shared/Coastal_T_S/H/short/run_0 launch_id=selena_3458552 slurm_job_id=3458552 launched_at=2026-09-17T10:12:42.210342+00:00
[2026-09-17 10:12:42 UTC] prepare Coastal_T_S/H/short
TIME run allocation action=new run=/fslarge/scratch/users/h61084/codes/selectime/outputs/selectime/ts_icl/data/shared/Coastal_T_S/H/medium/run_0 launch_id=selena_3458552 slurm_job_id=3458552 launched_at=2026-09-17T10:12:42.327554+00:00
[2026-09-17 10:12:42 UTC] prepare Coastal_T_S/H/medium
TIME run allocation action=new run=/fslarge/scratch/users/h61084/codes/selectime/outputs/selectime/ts_icl/data/shared/Coastal_T_S/H/long/run_0 launch_id=selena_3458552 slurm_job_id=3458552 launched_at=2026-09-17T10:12:42.486710+00:00
[2026-09-17 10:12:42 UTC] prepare Coastal_T_S/H/long
TIME run allocation action=new run=/fslarge/scratch/users/h61084/codes/selectime/outputs/selectime/ts_icl/data/shared/SG_Weather/D/short/run_0 launch_id=selena_3458552 slurm_job_id=3458552 launched_at=2026-09-17T10:12:42.600236+00:00
[2026-09-17 10:12:42 UTC] prepare SG_Weather/D/short
TIME run allocation action=new run=/fslarge/scratch/users/h61084/codes/selectime/outputs/selectime/ts_icl/data/shared/SG_Weather/D/medium/run_0 launch_id=selena_3458552 slurm_job_id=3458552 launched_at=2026-09-17T10:12:42.650419+00:00
[2026-09-17 10:12:42 UTC] prepare SG_Weather/D/medium
TIME run allocation action=new run=/fslarge/scratch/users/h61084/codes/selectime/outputs/selectime/ts_icl/data/shared/SG_Weather/D/long/run_0 launch_id=selena_3458552 slurm_job_id=3458552 launched_at=2026-09-17T10:12:42.722047+00:00
[2026-09-17 10:12:42 UTC] prepare SG_Weather/D/long
TIME run allocation action=new run=/fslarge/scratch/users/h61084/codes/selectime/outputs/selectime/ts_icl/data/shared/SG_PM25/H/short/run_0 launch_id=selena_3458552 slurm_job_id=3458552 launched_at=2026-09-17T10:12:42.778955+00:00
[2026-09-17 10:12:42 UTC] prepare SG_PM25/H/short
TIME run allocation action=new run=/fslarge/scratch/users/h61084/codes/selectime/outputs/selectime/ts_icl/data/shared/SG_PM25/H/medium/run_0 launch_id=selena_3458552 slurm_job_id=3458552 launched_at=2026-09-17T10:12:42.862309+00:00
[2026-09-17 10:12:42 UTC] prepare SG_PM25/H/medium
TIME run allocation action=new run=/fslarge/scratch/users/h61084/codes/selectime/outputs/selectime/ts_icl/data/shared/SG_PM25/H/long/run_0 launch_id=selena_3458552 slurm_job_id=3458552 launched_at=2026-09-17T10:12:42.948826+00:00
[2026-09-17 10:12:42 UTC] prepare SG_PM25/H/long
TIME run allocation action=new run=/fslarge/scratch/users/h61084/codes/selectime/outputs/selectime/ts_icl/data/shared/NE_China_Wind/H/short/run_0 launch_id=selena_3458552 slurm_job_id=3458552 launched_at=2026-09-17T10:12:43.011800+00:00
[2026-09-17 10:12:43 UTC] prepare NE_China_Wind/H/short
TIME run allocation action=new run=/fslarge/scratch/users/h61084/codes/selectime/outputs/selectime/ts_icl/data/shared/NE_China_Wind/H/medium/run_0 launch_id=selena_3458552 slurm_job_id=3458552 launched_at=2026-09-17T10:12:43.044335+00:00
[2026-09-17 10:12:43 UTC] prepare NE_China_Wind/H/medium
TIME run allocation action=new run=/fslarge/scratch/users/h61084/codes/selectime/outputs/selectime/ts_icl/data/shared/NE_China_Wind/H/long/run_0 launch_id=selena_3458552 slurm_job_id=3458552 launched_at=2026-09-17T10:12:43.068181+00:00
[2026-09-17 10:12:43 UTC] prepare NE_China_Wind/H/long
TIME run allocation action=new run=/fslarge/scratch/users/h61084/codes/selectime/outputs/selectime/ts_icl/data/shared/Australia_Solar/H/short/run_0 launch_id=selena_3458552 slurm_job_id=3458552 launched_at=2026-09-17T10:12:43.090417+00:00
[2026-09-17 10:12:43 UTC] prepare Australia_Solar/H/short
TIME run allocation action=new run=/fslarge/scratch/users/h61084/codes/selectime/outputs/selectime/ts_icl/data/shared/Australia_Solar/H/medium/run_0 launch_id=selena_3458552 slurm_job_id=3458552 launched_at=2026-09-17T10:12:43.141189+00:00
[2026-09-17 10:12:43 UTC] prepare Australia_Solar/H/medium
TIME run allocation action=new run=/fslarge/scratch/users/h61084/codes/selectime/outputs/selectime/ts_icl/data/shared/Australia_Solar/H/long/run_0 launch_id=selena_3458552 slurm_job_id=3458552 launched_at=2026-09-17T10:12:43.194713+00:00
[2026-09-17 10:12:43 UTC] prepare Australia_Solar/H/long
TIME run allocation action=new run=/fslarge/scratch/users/h61084/codes/selectime/outputs/selectime/ts_icl/data/shared/epf_electricity_price/H/short/run_0 launch_id=selena_3458552 slurm_job_id=3458552 launched_at=2026-09-17T10:12:43.239193+00:00
[2026-09-17 10:12:43 UTC] prepare epf_electricity_price/H/short
TIME run allocation action=new run=/fslarge/scratch/users/h61084/codes/selectime/outputs/selectime/ts_icl/data/shared/epf_electricity_price/H/medium/run_0 launch_id=selena_3458552 slurm_job_id=3458552 launched_at=2026-09-17T10:12:43.348213+00:00
[2026-09-17 10:12:43 UTC] prepare epf_electricity_price/H/medium
TIME run allocation action=new run=/fslarge/scratch/users/h61084/codes/selectime/outputs/selectime/ts_icl/data/shared/epf_electricity_price/H/long/run_0 launch_id=selena_3458552 slurm_job_id=3458552 launched_at=2026-09-17T10:12:43.425809+00:00
[2026-09-17 10:12:43 UTC] prepare epf_electricity_price/H/long
TIME run allocation action=new run=/fslarge/scratch/users/h61084/codes/selectime/outputs/selectime/ts_icl/data/shared/OpenElectricity_NEM/5T/short/run_0 launch_id=selena_3458552 slurm_job_id=3458552 launched_at=2026-09-17T10:12:43.484657+00:00
[2026-09-17 10:12:43 UTC] prepare OpenElectricity_NEM/5T/short
TIME run allocation action=new run=/fslarge/scratch/users/h61084/codes/selectime/outputs/selectime/ts_icl/data/shared/OpenElectricity_NEM/5T/medium/run_0 launch_id=selena_3458552 slurm_job_id=3458552 launched_at=2026-09-17T10:12:43.554965+00:00
[2026-09-17 10:12:43 UTC] prepare OpenElectricity_NEM/5T/medium
TIME run allocation action=new run=/fslarge/scratch/users/h61084/codes/selectime/outputs/selectime/ts_icl/data/shared/OpenElectricity_NEM/5T/long/run_0 launch_id=selena_3458552 slurm_job_id=3458552 launched_at=2026-09-17T10:12:43.607166+00:00
[2026-09-17 10:12:43 UTC] prepare OpenElectricity_NEM/5T/long
TIME run allocation action=new run=/fslarge/scratch/users/h61084/codes/selectime/outputs/selectime/ts_icl/data/shared/EWELD_Load/15T/short/run_0 launch_id=selena_3458552 slurm_job_id=3458552 launched_at=2026-09-17T10:12:43.657439+00:00
[2026-09-17 10:12:43 UTC] prepare EWELD_Load/15T/short
TIME run allocation action=new run=/fslarge/scratch/users/h61084/codes/selectime/outputs/selectime/ts_icl/data/shared/EWELD_Load/15T/medium/run_0 launch_id=selena_3458552 slurm_job_id=3458552 launched_at=2026-09-17T10:12:43.704493+00:00
[2026-09-17 10:12:43 UTC] prepare EWELD_Load/15T/medium
TIME run allocation action=new run=/fslarge/scratch/users/h61084/codes/selectime/outputs/selectime/ts_icl/data/shared/EWELD_Load/15T/long/run_0 launch_id=selena_3458552 slurm_job_id=3458552 launched_at=2026-09-17T10:12:43.737313+00:00
[2026-09-17 10:12:43 UTC] prepare EWELD_Load/15T/long
TIME run allocation action=new run=/fslarge/scratch/users/h61084/codes/selectime/outputs/selectime/ts_icl/data/shared/SG_Carpark/15T/short/run_0 launch_id=selena_3458552 slurm_job_id=3458552 launched_at=2026-09-17T10:12:43.768931+00:00
[2026-09-17 10:12:43 UTC] prepare SG_Carpark/15T/short
TIME run allocation action=new run=/fslarge/scratch/users/h61084/codes/selectime/outputs/selectime/ts_icl/data/shared/SG_Carpark/15T/medium/run_0 launch_id=selena_3458552 slurm_job_id=3458552 launched_at=2026-09-17T10:12:44.369474+00:00
[2026-09-17 10:12:44 UTC] prepare SG_Carpark/15T/medium
TIME run allocation action=new run=/fslarge/scratch/users/h61084/codes/selectime/outputs/selectime/ts_icl/data/shared/SG_Carpark/15T/long/run_0 launch_id=selena_3458552 slurm_job_id=3458552 launched_at=2026-09-17T10:12:44.757583+00:00
[2026-09-17 10:12:44 UTC] prepare SG_Carpark/15T/long
TIME run allocation action=new run=/fslarge/scratch/users/h61084/codes/selectime/outputs/selectime/ts_icl/data/shared/Finland_Traffic/15T/short/run_0 launch_id=selena_3458552 slurm_job_id=3458552 launched_at=2026-09-17T10:12:45.117034+00:00
[2026-09-17 10:12:45 UTC] prepare Finland_Traffic/15T/short
TIME run allocation action=new run=/fslarge/scratch/users/h61084/codes/selectime/outputs/selectime/ts_icl/data/shared/Finland_Traffic/15T/medium/run_0 launch_id=selena_3458552 slurm_job_id=3458552 launched_at=2026-09-17T10:12:45.143210+00:00
[2026-09-17 10:12:45 UTC] prepare Finland_Traffic/15T/medium
TIME run allocation action=new run=/fslarge/scratch/users/h61084/codes/selectime/outputs/selectime/ts_icl/data/shared/Finland_Traffic/15T/long/run_0 launch_id=selena_3458552 slurm_job_id=3458552 launched_at=2026-09-17T10:12:45.163264+00:00
[2026-09-17 10:12:45 UTC] prepare Finland_Traffic/15T/long
TIME run allocation action=new run=/fslarge/scratch/users/h61084/codes/selectime/outputs/selectime/ts_icl/data/shared/Port_Activity/D/short/run_0 launch_id=selena_3458552 slurm_job_id=3458552 launched_at=2026-09-17T10:12:45.183005+00:00
[2026-09-17 10:12:45 UTC] prepare Port_Activity/D/short
TIME run allocation action=new run=/fslarge/scratch/users/h61084/codes/selectime/outputs/selectime/ts_icl/data/shared/Port_Activity/W/short/run_0 launch_id=selena_3458552 slurm_job_id=3458552 launched_at=2026-09-17T10:12:45.455890+00:00
[2026-09-17 10:12:45 UTC] prepare Port_Activity/W/short
TIME run allocation action=new run=/fslarge/scratch/users/h61084/codes/selectime/outputs/selectime/ts_icl/data/shared/ECDC_COVID/D/short/run_0 launch_id=selena_3458552 slurm_job_id=3458552 launched_at=2026-09-17T10:12:45.516221+00:00
[2026-09-17 10:12:45 UTC] prepare ECDC_COVID/D/short
TIME run allocation action=new run=/fslarge/scratch/users/h61084/codes/selectime/outputs/selectime/ts_icl/data/shared/ECDC_COVID/W/short/run_0 launch_id=selena_3458552 slurm_job_id=3458552 launched_at=2026-09-17T10:12:45.543792+00:00
[2026-09-17 10:12:45 UTC] prepare ECDC_COVID/W/short
TIME run allocation action=new run=/fslarge/scratch/users/h61084/codes/selectime/outputs/selectime/ts_icl/data/shared/Global_Influenza/W/short/run_0 launch_id=selena_3458552 slurm_job_id=3458552 launched_at=2026-09-17T10:12:45.565767+00:00
[2026-09-17 10:12:45 UTC] prepare Global_Influenza/W/short
TIME run allocation action=new run=/fslarge/scratch/users/h61084/codes/selectime/outputs/selectime/ts_icl/data/shared/Crypto/D/short/run_0 launch_id=selena_3458552 slurm_job_id=3458552 launched_at=2026-09-17T10:12:45.592793+00:00
[2026-09-17 10:12:45 UTC] prepare Crypto/D/short
TIME run allocation action=new run=/fslarge/scratch/users/h61084/codes/selectime/outputs/selectime/ts_icl/data/shared/US_Term_Structure/B/short/run_0 launch_id=selena_3458552 slurm_job_id=3458552 launched_at=2026-09-17T10:12:45.620321+00:00
[2026-09-17 10:12:45 UTC] prepare US_Term_Structure/B/short
TIME run allocation action=new run=/fslarge/scratch/users/h61084/codes/selectime/outputs/selectime/ts_icl/data/shared/Oil_Price/B/short/run_0 launch_id=selena_3458552 slurm_job_id=3458552 launched_at=2026-09-17T10:12:45.887021+00:00
[2026-09-17 10:12:45 UTC] prepare Oil_Price/B/short
TIME run allocation action=new run=/fslarge/scratch/users/h61084/codes/selectime/outputs/selectime/ts_icl/data/shared/Job_Claims/W/short/run_0 launch_id=selena_3458552 slurm_job_id=3458552 launched_at=2026-09-17T10:12:45.943590+00:00
[2026-09-17 10:12:45 UTC] prepare Job_Claims/W/short
TIME run allocation action=new run=/fslarge/scratch/users/h61084/codes/selectime/outputs/selectime/ts_icl/data/shared/Uncertainty_1M/M/short/run_0 launch_id=selena_3458552 slurm_job_id=3458552 launched_at=2026-09-17T10:12:45.964255+00:00
[2026-09-17 10:12:45 UTC] prepare Uncertainty_1M/M/short
TIME run allocation action=new run=/fslarge/scratch/users/h61084/codes/selectime/outputs/selectime/ts_icl/data/shared/Housing_Inventory/M/short/run_0 launch_id=selena_3458552 slurm_job_id=3458552 launched_at=2026-09-17T10:12:45.985595+00:00
[2026-09-17 10:12:45 UTC] prepare Housing_Inventory/M/short
TIME run allocation action=new run=/fslarge/scratch/users/h61084/codes/selectime/outputs/selectime/ts_icl/data/shared/JOLTS/M/short/run_0 launch_id=selena_3458552 slurm_job_id=3458552 launched_at=2026-09-17T10:12:46.005514+00:00
[2026-09-17 10:12:46 UTC] prepare JOLTS/M/short
TIME run allocation action=new run=/fslarge/scratch/users/h61084/codes/selectime/outputs/selectime/ts_icl/data/shared/US_Labor/M/short/run_0 launch_id=selena_3458552 slurm_job_id=3458552 launched_at=2026-09-17T10:12:46.026459+00:00
[2026-09-17 10:12:46 UTC] prepare US_Labor/M/short
TIME run allocation action=new run=/fslarge/scratch/users/h61084/codes/selectime/outputs/selectime/ts_icl/data/shared/Vehicle_Supply/M/short/run_0 launch_id=selena_3458552 slurm_job_id=3458552 launched_at=2026-09-17T10:12:46.048074+00:00
[2026-09-17 10:12:46 UTC] prepare Vehicle_Supply/M/short
TIME run allocation action=new run=/fslarge/scratch/users/h61084/codes/selectime/outputs/selectime/ts_icl/data/shared/Auto_Production_SF/M/short/run_0 launch_id=selena_3458552 slurm_job_id=3458552 launched_at=2026-09-17T10:12:46.069186+00:00
[2026-09-17 10:12:46 UTC] prepare Auto_Production_SF/M/short
TIME run allocation action=new run=/fslarge/scratch/users/h61084/codes/selectime/outputs/selectime/ts_icl/data/shared/Commodity_Production/M/short/run_0 launch_id=selena_3458552 slurm_job_id=3458552 launched_at=2026-09-17T10:12:46.089401+00:00
[2026-09-17 10:12:46 UTC] prepare Commodity_Production/M/short
TIME run allocation action=new run=/fslarge/scratch/users/h61084/codes/selectime/outputs/selectime/ts_icl/data/shared/Commodity_Import/M/short/run_0 launch_id=selena_3458552 slurm_job_id=3458552 launched_at=2026-09-17T10:12:46.118052+00:00
[2026-09-17 10:12:46 UTC] prepare Commodity_Import/M/short
TIME run allocation action=new run=/fslarge/scratch/users/h61084/codes/selectime/outputs/selectime/ts_icl/data/shared/WUI_Global/Q/short/run_0 launch_id=selena_3458552 slurm_job_id=3458552 launched_at=2026-09-17T10:12:46.142099+00:00
[2026-09-17 10:12:46 UTC] prepare WUI_Global/Q/short
TIME run allocation action=new run=/fslarge/scratch/users/h61084/codes/selectime/outputs/selectime/ts_icl/data/shared/Global_Price/Q/short/run_0 launch_id=selena_3458552 slurm_job_id=3458552 launched_at=2026-09-17T10:12:46.164666+00:00
[2026-09-17 10:12:46 UTC] prepare Global_Price/Q/short
TIME run allocation action=new run=/fslarge/scratch/users/h61084/codes/selectime/outputs/selectime/ts_icl/data/shared/Vehicle_Sales/M/short/run_0 launch_id=selena_3458552 slurm_job_id=3458552 launched_at=2026-09-17T10:12:46.189443+00:00
[2026-09-17 10:12:46 UTC] prepare Vehicle_Sales/M/short
TIME run allocation action=new run=/fslarge/scratch/users/h61084/codes/selectime/outputs/selectime/ts_icl/data/shared/Online_Retail_2_UCI/D/short/run_0 launch_id=selena_3458552 slurm_job_id=3458552 launched_at=2026-09-17T10:12:46.211270+00:00
[2026-09-17 10:12:46 UTC] prepare Online_Retail_2_UCI/D/short
TIME run allocation action=new run=/fslarge/scratch/users/h61084/codes/selectime/outputs/selectime/ts_icl/data/shared/Supply_Chain_Customer/D/short/run_0 launch_id=selena_3458552 slurm_job_id=3458552 launched_at=2026-09-17T10:12:46.231231+00:00
[2026-09-17 10:12:46 UTC] prepare Supply_Chain_Customer/D/short
TIME run allocation action=new run=/fslarge/scratch/users/h61084/codes/selectime/outputs/selectime/ts_icl/data/shared/Supply_Chain_Location/D/short/run_0 launch_id=selena_3458552 slurm_job_id=3458552 launched_at=2026-09-17T10:12:46.290066+00:00
[2026-09-17 10:12:46 UTC] prepare Supply_Chain_Location/D/short
TIME run allocation action=new run=/fslarge/scratch/users/h61084/codes/selectime/outputs/selectime/ts_icl/data/shared/azure2019_U/5T/short/run_0 launch_id=selena_3458552 slurm_job_id=3458552 launched_at=2026-09-17T10:12:46.366942+00:00
[2026-09-17 10:12:46 UTC] prepare azure2019_U/5T/short
TIME run allocation action=new run=/fslarge/scratch/users/h61084/codes/selectime/outputs/selectime/ts_icl/data/shared/Smart_Manufacturing/H/short/run_0 launch_id=selena_3458552 slurm_job_id=3458552 launched_at=2026-09-17T10:12:46.480656+00:00
[2026-09-17 10:12:46 UTC] prepare Smart_Manufacturing/H/short
TIME run allocation action=new run=/fslarge/scratch/users/h61084/codes/selectime/outputs/selectime/ts_icl/data/shared/Smart_Manufacturing/H/medium/run_0 launch_id=selena_3458552 slurm_job_id=3458552 launched_at=2026-09-17T10:12:46.550519+00:00
[2026-09-17 10:12:46 UTC] prepare Smart_Manufacturing/H/medium
TIME run allocation action=new run=/fslarge/scratch/users/h61084/codes/selectime/outputs/selectime/ts_icl/data/shared/Smart_Manufacturing/H/long/run_0 launch_id=selena_3458552 slurm_job_id=3458552 launched_at=2026-09-17T10:12:46.595959+00:00
[2026-09-17 10:12:46 UTC] prepare Smart_Manufacturing/H/long
TIME run allocation action=new run=/fslarge/scratch/users/h61084/codes/selectime/outputs/selectime/ts_icl/data/shared/MetroPT-3/5T/short/run_0 launch_id=selena_3458552 slurm_job_id=3458552 launched_at=2026-09-17T10:12:46.638523+00:00
[2026-09-17 10:12:46 UTC] prepare MetroPT-3/5T/short
TIME run allocation action=new run=/fslarge/scratch/users/h61084/codes/selectime/outputs/selectime/ts_icl/data/shared/MetroPT-3/5T/medium/run_0 launch_id=selena_3458552 slurm_job_id=3458552 launched_at=2026-09-17T10:12:46.674084+00:00
[2026-09-17 10:12:46 UTC] prepare MetroPT-3/5T/medium
TIME run allocation action=new run=/fslarge/scratch/users/h61084/codes/selectime/outputs/selectime/ts_icl/data/shared/MetroPT-3/5T/long/run_0 launch_id=selena_3458552 slurm_job_id=3458552 launched_at=2026-09-17T10:12:46.699032+00:00
[2026-09-17 10:12:46 UTC] prepare MetroPT-3/5T/long
[2026-09-17 10:12:48 UTC] Slurm=3458552 launch=selena_3458552 stage=extract_validation prediction_group=all
[2026-09-17 10:12:49 UTC] dataset_config=/fssmall/home/h61084/codes/selectime/src/timebench/config/datasets.yaml applied_keys=datasets,selectime_tasks tasks=90
[2026-09-17 10:12:49 UTC] stage=extract_validation tasks=90 seed=0 Slurm=3458552
TIME run allocation action=new run=/fslarge/scratch/users/h61084/codes/selectime/outputs/selectime/ts_icl/retrieval/validation/Water_Quality_Darwin/15T/short/run_0 launch_id=selena_3458552 slurm_job_id=3458552 launched_at=2026-09-17T10:12:49.285489+00:00
[2026-09-17 10:12:49 UTC] extract_validation Water_Quality_Darwin/15T/short
[2026-09-17 12:12:49,629][datasets][INFO] - PyTorch version 2.9.1 available.
TIME run allocation action=new run=/fslarge/scratch/users/h61084/codes/selectime/outputs/selectime/ts_icl/retrieval/validation/Water_Quality_Darwin/15T/medium/run_0 launch_id=selena_3458552 slurm_job_id=3458552 launched_at=2026-09-17T10:13:16.529929+00:00
[2026-09-17 10:13:16 UTC] extract_validation Water_Quality_Darwin/15T/medium
TIME run allocation action=new run=/fslarge/scratch/users/h61084/codes/selectime/outputs/selectime/ts_icl/retrieval/validation/Water_Quality_Darwin/15T/long/run_0 launch_id=selena_3458552 slurm_job_id=3458552 launched_at=2026-09-17T10:13:33.215761+00:00
[2026-09-17 10:13:33 UTC] extract_validation Water_Quality_Darwin/15T/long
TIME run allocation action=new run=/fslarge/scratch/users/h61084/codes/selectime/outputs/selectime/ts_icl/retrieval/validation/current_velocity/5T/short/run_0 launch_id=selena_3458552 slurm_job_id=3458552 launched_at=2026-09-17T10:13:42.533227+00:00
[2026-09-17 10:13:42 UTC] extract_validation current_velocity/5T/short
TIME run allocation action=new run=/fslarge/scratch/users/h61084/codes/selectime/outputs/selectime/ts_icl/retrieval/validation/current_velocity/5T/medium/run_0 launch_id=selena_3458552 slurm_job_id=3458552 launched_at=2026-09-17T10:13:44.433003+00:00
[2026-09-17 10:13:44 UTC] extract_validation current_velocity/5T/medium
TIME run allocation action=new run=/fslarge/scratch/users/h61084/codes/selectime/outputs/selectime/ts_icl/retrieval/validation/current_velocity/5T/long/run_0 launch_id=selena_3458552 slurm_job_id=3458552 launched_at=2026-09-17T10:13:44.906656+00:00
[2026-09-17 10:13:44 UTC] extract_validation current_velocity/5T/long
TIME run allocation action=new run=/fslarge/scratch/users/h61084/codes/selectime/outputs/selectime/ts_icl/retrieval/validation/current_velocity/10T/short/run_0 launch_id=selena_3458552 slurm_job_id=3458552 launched_at=2026-09-17T10:13:45.111922+00:00
[2026-09-17 10:13:45 UTC] extract_validation current_velocity/10T/short
TIME run allocation action=new run=/fslarge/scratch/users/h61084/codes/selectime/outputs/selectime/ts_icl/retrieval/validation/current_velocity/10T/medium/run_0 launch_id=selena_3458552 slurm_job_id=3458552 launched_at=2026-09-17T10:16:12.987209+00:00
[2026-09-17 10:16:12 UTC] extract_validation current_velocity/10T/medium
TIME run allocation action=new run=/fslarge/scratch/users/h61084/codes/selectime/outputs/selectime/ts_icl/retrieval/validation/current_velocity/10T/long/run_0 launch_id=selena_3458552 slurm_job_id=3458552 launched_at=2026-09-17T10:17:12.478368+00:00
[2026-09-17 10:17:12 UTC] extract_validation current_velocity/10T/long
TIME run allocation action=new run=/fslarge/scratch/users/h61084/codes/selectime/outputs/selectime/ts_icl/retrieval/validation/current_velocity/15T/short/run_0 launch_id=selena_3458552 slurm_job_id=3458552 launched_at=2026-09-17T10:17:28.783137+00:00
[2026-09-17 10:17:28 UTC] extract_validation current_velocity/15T/short
TIME run allocation action=new run=/fslarge/scratch/users/h61084/codes/selectime/outputs/selectime/ts_icl/retrieval/validation/current_velocity/15T/medium/run_0 launch_id=selena_3458552 slurm_job_id=3458552 launched_at=2026-09-17T10:17:29.509667+00:00
[2026-09-17 10:17:29 UTC] extract_validation current_velocity/15T/medium
TIME run allocation action=new run=/fslarge/scratch/users/h61084/codes/selectime/outputs/selectime/ts_icl/retrieval/validation/current_velocity/15T/long/run_0 launch_id=selena_3458552 slurm_job_id=3458552 launched_at=2026-09-17T10:17:32.216990+00:00
[2026-09-17 10:17:32 UTC] extract_validation current_velocity/15T/long
TIME run allocation action=new run=/fslarge/scratch/users/h61084/codes/selectime/outputs/selectime/ts_icl/retrieval/validation/current_velocity/H/short/run_0 launch_id=selena_3458552 slurm_job_id=3458552 launched_at=2026-09-17T10:17:33.341026+00:00
[2026-09-17 10:17:33 UTC] extract_validation current_velocity/H/short
TIME run allocation action=new run=/fslarge/scratch/users/h61084/codes/selectime/outputs/selectime/ts_icl/retrieval/validation/current_velocity/H/medium/run_0 launch_id=selena_3458552 slurm_job_id=3458552 launched_at=2026-09-17T10:17:35.942568+00:00
[2026-09-17 10:17:35 UTC] extract_validation current_velocity/H/medium
TIME run allocation action=new run=/fslarge/scratch/users/h61084/codes/selectime/outputs/selectime/ts_icl/retrieval/validation/current_velocity/H/long/run_0 launch_id=selena_3458552 slurm_job_id=3458552 launched_at=2026-09-17T10:17:42.604709+00:00
[2026-09-17 10:17:42 UTC] extract_validation current_velocity/H/long
TIME run allocation action=new run=/fslarge/scratch/users/h61084/codes/selectime/outputs/selectime/ts_icl/retrieval/validation/CPHL/15T/short/run_0 launch_id=selena_3458552 slurm_job_id=3458552 launched_at=2026-09-17T10:17:46.578761+00:00
[2026-09-17 10:17:46 UTC] extract_validation CPHL/15T/short
TIME run allocation action=new run=/fslarge/scratch/users/h61084/codes/selectime/outputs/selectime/ts_icl/retrieval/validation/CPHL/15T/medium/run_0 launch_id=selena_3458552 slurm_job_id=3458552 launched_at=2026-09-17T10:17:46.633030+00:00
[2026-09-17 10:17:46 UTC] extract_validation CPHL/15T/medium
TIME run allocation action=new run=/fslarge/scratch/users/h61084/codes/selectime/outputs/selectime/ts_icl/retrieval/validation/CPHL/15T/long/run_0 launch_id=selena_3458552 slurm_job_id=3458552 launched_at=2026-09-17T10:17:46.768093+00:00
[2026-09-17 10:17:46 UTC] extract_validation CPHL/15T/long
TIME run allocation action=new run=/fslarge/scratch/users/h61084/codes/selectime/outputs/selectime/ts_icl/retrieval/validation/CPHL/30T/short/run_0 launch_id=selena_3458552 slurm_job_id=3458552 launched_at=2026-09-17T10:17:46.847005+00:00
[2026-09-17 10:17:46 UTC] extract_validation CPHL/30T/short
TIME run allocation action=new run=/fslarge/scratch/users/h61084/codes/selectime/outputs/selectime/ts_icl/retrieval/validation/CPHL/30T/medium/run_0 launch_id=selena_3458552 slurm_job_id=3458552 launched_at=2026-09-17T10:17:46.919572+00:00
[2026-09-17 10:17:46 UTC] extract_validation CPHL/30T/medium
TIME run allocation action=new run=/fslarge/scratch/users/h61084/codes/selectime/outputs/selectime/ts_icl/retrieval/validation/CPHL/30T/long/run_0 launch_id=selena_3458552 slurm_job_id=3458552 launched_at=2026-09-17T10:17:47.221677+00:00
[2026-09-17 10:17:47 UTC] extract_validation CPHL/30T/long
TIME run allocation action=new run=/fslarge/scratch/users/h61084/codes/selectime/outputs/selectime/ts_icl/retrieval/validation/CPHL/H/short/run_0 launch_id=selena_3458552 slurm_job_id=3458552 launched_at=2026-09-17T10:17:47.406553+00:00
[2026-09-17 10:17:47 UTC] extract_validation CPHL/H/short
TIME run allocation action=new run=/fslarge/scratch/users/h61084/codes/selectime/outputs/selectime/ts_icl/retrieval/validation/CPHL/H/medium/run_0 launch_id=selena_3458552 slurm_job_id=3458552 launched_at=2026-09-17T10:17:47.545204+00:00
[2026-09-17 10:17:47 UTC] extract_validation CPHL/H/medium
TIME run allocation action=new run=/fslarge/scratch/users/h61084/codes/selectime/outputs/selectime/ts_icl/retrieval/validation/CPHL/H/long/run_0 launch_id=selena_3458552 slurm_job_id=3458552 launched_at=2026-09-17T10:17:47.679736+00:00
[2026-09-17 10:17:47 UTC] extract_validation CPHL/H/long
TIME run allocation action=new run=/fslarge/scratch/users/h61084/codes/selectime/outputs/selectime/ts_icl/retrieval/validation/Coastal_T_S/15T/short/run_0 launch_id=selena_3458552 slurm_job_id=3458552 launched_at=2026-09-17T10:17:47.781603+00:00
[2026-09-17 10:17:47 UTC] extract_validation Coastal_T_S/15T/short
TIME run allocation action=new run=/fslarge/scratch/users/h61084/codes/selectime/outputs/selectime/ts_icl/retrieval/validation/Coastal_T_S/15T/medium/run_0 launch_id=selena_3458552 slurm_job_id=3458552 launched_at=2026-09-17T10:17:55.243451+00:00
[2026-09-17 10:17:55 UTC] extract_validation Coastal_T_S/15T/medium
TIME run allocation action=new run=/fslarge/scratch/users/h61084/codes/selectime/outputs/selectime/ts_icl/retrieval/validation/Coastal_T_S/15T/long/run_0 launch_id=selena_3458552 slurm_job_id=3458552 launched_at=2026-09-17T10:17:58.086739+00:00
[2026-09-17 10:17:58 UTC] extract_validation Coastal_T_S/15T/long
TIME run allocation action=new run=/fslarge/scratch/users/h61084/codes/selectime/outputs/selectime/ts_icl/retrieval/validation/Coastal_T_S/20T/short/run_0 launch_id=selena_3458552 slurm_job_id=3458552 launched_at=2026-09-17T10:17:59.048233+00:00
[2026-09-17 10:17:59 UTC] extract_validation Coastal_T_S/20T/short
TIME run allocation action=new run=/fslarge/scratch/users/h61084/codes/selectime/outputs/selectime/ts_icl/retrieval/validation/Coastal_T_S/20T/medium/run_0 launch_id=selena_3458552 slurm_job_id=3458552 launched_at=2026-09-17T10:17:59.094015+00:00
[2026-09-17 10:17:59 UTC] extract_validation Coastal_T_S/20T/medium
TIME run allocation action=new run=/fslarge/scratch/users/h61084/codes/selectime/outputs/selectime/ts_icl/retrieval/validation/Coastal_T_S/20T/long/run_0 launch_id=selena_3458552 slurm_job_id=3458552 launched_at=2026-09-17T10:17:59.194316+00:00
[2026-09-17 10:17:59 UTC] extract_validation Coastal_T_S/20T/long
TIME run allocation action=new run=/fslarge/scratch/users/h61084/codes/selectime/outputs/selectime/ts_icl/retrieval/validation/Coastal_T_S/H/short/run_0 launch_id=selena_3458552 slurm_job_id=3458552 launched_at=2026-09-17T10:17:59.267068+00:00
[2026-09-17 10:17:59 UTC] extract_validation Coastal_T_S/H/short
TIME run allocation action=new run=/fslarge/scratch/users/h61084/codes/selectime/outputs/selectime/ts_icl/retrieval/validation/Coastal_T_S/H/medium/run_0 launch_id=selena_3458552 slurm_job_id=3458552 launched_at=2026-09-17T10:18:07.247598+00:00
[2026-09-17 10:18:07 UTC] extract_validation Coastal_T_S/H/medium
TIME run allocation action=new run=/fslarge/scratch/users/h61084/codes/selectime/outputs/selectime/ts_icl/retrieval/validation/Coastal_T_S/H/long/run_0 launch_id=selena_3458552 slurm_job_id=3458552 launched_at=2026-09-17T10:18:12.164889+00:00
[2026-09-17 10:18:12 UTC] extract_validation Coastal_T_S/H/long
TIME run allocation action=new run=/fslarge/scratch/users/h61084/codes/selectime/outputs/selectime/ts_icl/retrieval/validation/SG_Weather/D/short/run_0 launch_id=selena_3458552 slurm_job_id=3458552 launched_at=2026-09-17T10:18:14.980151+00:00
[2026-09-17 10:18:14 UTC] extract_validation SG_Weather/D/short
TIME run allocation action=new run=/fslarge/scratch/users/h61084/codes/selectime/outputs/selectime/ts_icl/retrieval/validation/SG_Weather/D/medium/run_0 launch_id=selena_3458552 slurm_job_id=3458552 launched_at=2026-09-17T10:18:15.136016+00:00
[2026-09-17 10:18:15 UTC] extract_validation SG_Weather/D/medium
TIME run allocation action=new run=/fslarge/scratch/users/h61084/codes/selectime/outputs/selectime/ts_icl/retrieval/validation/SG_Weather/D/long/run_0 launch_id=selena_3458552 slurm_job_id=3458552 launched_at=2026-09-17T10:18:16.793815+00:00
[2026-09-17 10:18:16 UTC] extract_validation SG_Weather/D/long
TIME run allocation action=new run=/fslarge/scratch/users/h61084/codes/selectime/outputs/selectime/ts_icl/retrieval/validation/SG_PM25/H/short/run_0 launch_id=selena_3458552 slurm_job_id=3458552 launched_at=2026-09-17T10:18:18.147892+00:00
[2026-09-17 10:18:18 UTC] extract_validation SG_PM25/H/short
TIME run allocation action=new run=/fslarge/scratch/users/h61084/codes/selectime/outputs/selectime/ts_icl/retrieval/validation/SG_PM25/H/medium/run_0 launch_id=selena_3458552 slurm_job_id=3458552 launched_at=2026-09-17T10:18:21.446015+00:00
[2026-09-17 10:18:21 UTC] extract_validation SG_PM25/H/medium
TIME run allocation action=new run=/fslarge/scratch/users/h61084/codes/selectime/outputs/selectime/ts_icl/retrieval/validation/SG_PM25/H/long/run_0 launch_id=selena_3458552 slurm_job_id=3458552 launched_at=2026-09-17T10:18:23.656086+00:00
[2026-09-17 10:18:23 UTC] extract_validation SG_PM25/H/long
TIME run allocation action=new run=/fslarge/scratch/users/h61084/codes/selectime/outputs/selectime/ts_icl/retrieval/validation/NE_China_Wind/H/short/run_0 launch_id=selena_3458552 slurm_job_id=3458552 launched_at=2026-09-17T10:18:24.808640+00:00
[2026-09-17 10:18:24 UTC] extract_validation NE_China_Wind/H/short
TIME run allocation action=new run=/fslarge/scratch/users/h61084/codes/selectime/outputs/selectime/ts_icl/retrieval/validation/NE_China_Wind/H/medium/run_0 launch_id=selena_3458552 slurm_job_id=3458552 launched_at=2026-09-17T10:18:25.086221+00:00
[2026-09-17 10:18:25 UTC] extract_validation NE_China_Wind/H/medium
TIME run allocation action=new run=/fslarge/scratch/users/h61084/codes/selectime/outputs/selectime/ts_icl/retrieval/validation/NE_China_Wind/H/long/run_0 launch_id=selena_3458552 slurm_job_id=3458552 launched_at=2026-09-17T10:18:25.237040+00:00
[2026-09-17 10:18:25 UTC] extract_validation NE_China_Wind/H/long
TIME run allocation action=new run=/fslarge/scratch/users/h61084/codes/selectime/outputs/selectime/ts_icl/retrieval/validation/Australia_Solar/H/short/run_0 launch_id=selena_3458552 slurm_job_id=3458552 launched_at=2026-09-17T10:18:25.319985+00:00
[2026-09-17 10:18:25 UTC] extract_validation Australia_Solar/H/short
TIME run allocation action=new run=/fslarge/scratch/users/h61084/codes/selectime/outputs/selectime/ts_icl/retrieval/validation/Australia_Solar/H/medium/run_0 launch_id=selena_3458552 slurm_job_id=3458552 launched_at=2026-09-17T10:18:26.621288+00:00
[2026-09-17 10:18:26 UTC] extract_validation Australia_Solar/H/medium
TIME run allocation action=new run=/fslarge/scratch/users/h61084/codes/selectime/outputs/selectime/ts_icl/retrieval/validation/Australia_Solar/H/long/run_0 launch_id=selena_3458552 slurm_job_id=3458552 launched_at=2026-09-17T10:18:27.720170+00:00
[2026-09-17 10:18:27 UTC] extract_validation Australia_Solar/H/long
TIME run allocation action=new run=/fslarge/scratch/users/h61084/codes/selectime/outputs/selectime/ts_icl/retrieval/validation/epf_electricity_price/H/short/run_0 launch_id=selena_3458552 slurm_job_id=3458552 launched_at=2026-09-17T10:18:28.407856+00:00
[2026-09-17 10:18:28 UTC] extract_validation epf_electricity_price/H/short
TIME run allocation action=new run=/fslarge/scratch/users/h61084/codes/selectime/outputs/selectime/ts_icl/retrieval/validation/epf_electricity_price/H/medium/run_0 launch_id=selena_3458552 slurm_job_id=3458552 launched_at=2026-09-17T10:18:33.207392+00:00
[2026-09-17 10:18:33 UTC] extract_validation epf_electricity_price/H/medium
TIME run allocation action=new run=/fslarge/scratch/users/h61084/codes/selectime/outputs/selectime/ts_icl/retrieval/validation/epf_electricity_price/H/long/run_0 launch_id=selena_3458552 slurm_job_id=3458552 launched_at=2026-09-17T10:18:35.123437+00:00
[2026-09-17 10:18:35 UTC] extract_validation epf_electricity_price/H/long
TIME run allocation action=new run=/fslarge/scratch/users/h61084/codes/selectime/outputs/selectime/ts_icl/retrieval/validation/OpenElectricity_NEM/5T/short/run_0 launch_id=selena_3458552 slurm_job_id=3458552 launched_at=2026-09-17T10:18:35.937319+00:00
[2026-09-17 10:18:35 UTC] extract_validation OpenElectricity_NEM/5T/short
TIME run allocation action=new run=/fslarge/scratch/users/h61084/codes/selectime/outputs/selectime/ts_icl/retrieval/validation/OpenElectricity_NEM/5T/medium/run_0 launch_id=selena_3458552 slurm_job_id=3458552 launched_at=2026-09-17T10:18:39.534165+00:00
[2026-09-17 10:18:39 UTC] extract_validation OpenElectricity_NEM/5T/medium
TIME run allocation action=new run=/fslarge/scratch/users/h61084/codes/selectime/outputs/selectime/ts_icl/retrieval/validation/OpenElectricity_NEM/5T/long/run_0 launch_id=selena_3458552 slurm_job_id=3458552 launched_at=2026-09-17T10:18:40.519315+00:00
[2026-09-17 10:18:40 UTC] extract_validation OpenElectricity_NEM/5T/long
TIME run allocation action=new run=/fslarge/scratch/users/h61084/codes/selectime/outputs/selectime/ts_icl/retrieval/validation/EWELD_Load/15T/short/run_0 launch_id=selena_3458552 slurm_job_id=3458552 launched_at=2026-09-17T10:18:40.817633+00:00
[2026-09-17 10:18:40 UTC] extract_validation EWELD_Load/15T/short
TIME run allocation action=new run=/fslarge/scratch/users/h61084/codes/selectime/outputs/selectime/ts_icl/retrieval/validation/EWELD_Load/15T/medium/run_0 launch_id=selena_3458552 slurm_job_id=3458552 launched_at=2026-09-17T10:18:41.467260+00:00
[2026-09-17 10:18:41 UTC] extract_validation EWELD_Load/15T/medium
TIME run allocation action=new run=/fslarge/scratch/users/h61084/codes/selectime/outputs/selectime/ts_icl/retrieval/validation/EWELD_Load/15T/long/run_0 launch_id=selena_3458552 slurm_job_id=3458552 launched_at=2026-09-17T10:18:41.659521+00:00
[2026-09-17 10:18:41 UTC] extract_validation EWELD_Load/15T/long
TIME run allocation action=new run=/fslarge/scratch/users/h61084/codes/selectime/outputs/selectime/ts_icl/retrieval/validation/SG_Carpark/15T/short/run_0 launch_id=selena_3458552 slurm_job_id=3458552 launched_at=2026-09-17T10:18:41.739174+00:00
[2026-09-17 10:18:41 UTC] extract_validation SG_Carpark/15T/short
TIME run allocation action=new run=/fslarge/scratch/users/h61084/codes/selectime/outputs/selectime/ts_icl/retrieval/validation/SG_Carpark/15T/medium/run_0 launch_id=selena_3458552 slurm_job_id=3458552 launched_at=2026-09-17T10:21:35.991728+00:00
[2026-09-17 10:21:36 UTC] extract_validation SG_Carpark/15T/medium
TIME run allocation action=new run=/fslarge/scratch/users/h61084/codes/selectime/outputs/selectime/ts_icl/retrieval/validation/SG_Carpark/15T/long/run_0 launch_id=selena_3458552 slurm_job_id=3458552 launched_at=2026-09-17T10:21:44.885024+00:00
[2026-09-17 10:21:44 UTC] extract_validation SG_Carpark/15T/long
TIME run allocation action=new run=/fslarge/scratch/users/h61084/codes/selectime/outputs/selectime/ts_icl/retrieval/validation/Finland_Traffic/15T/short/run_0 launch_id=selena_3458552 slurm_job_id=3458552 launched_at=2026-09-17T10:21:46.070046+00:00
[2026-09-17 10:21:46 UTC] extract_validation Finland_Traffic/15T/short
TIME run allocation action=new run=/fslarge/scratch/users/h61084/codes/selectime/outputs/selectime/ts_icl/retrieval/validation/Finland_Traffic/15T/medium/run_0 launch_id=selena_3458552 slurm_job_id=3458552 launched_at=2026-09-17T10:21:46.207946+00:00
[2026-09-17 10:21:46 UTC] extract_validation Finland_Traffic/15T/medium
TIME run allocation action=new run=/fslarge/scratch/users/h61084/codes/selectime/outputs/selectime/ts_icl/retrieval/validation/Finland_Traffic/15T/long/run_0 launch_id=selena_3458552 slurm_job_id=3458552 launched_at=2026-09-17T10:21:46.298334+00:00
[2026-09-17 10:21:46 UTC] extract_validation Finland_Traffic/15T/long
TIME run allocation action=new run=/fslarge/scratch/users/h61084/codes/selectime/outputs/selectime/ts_icl/retrieval/validation/Port_Activity/D/short/run_0 launch_id=selena_3458552 slurm_job_id=3458552 launched_at=2026-09-17T10:21:46.348978+00:00
[2026-09-17 10:21:46 UTC] extract_validation Port_Activity/D/short
TIME run allocation action=new run=/fslarge/scratch/users/h61084/codes/selectime/outputs/selectime/ts_icl/retrieval/validation/Port_Activity/W/short/run_0 launch_id=selena_3458552 slurm_job_id=3458552 launched_at=2026-09-17T10:22:10.263936+00:00
[2026-09-17 10:22:10 UTC] extract_validation Port_Activity/W/short
TIME run allocation action=new run=/fslarge/scratch/users/h61084/codes/selectime/outputs/selectime/ts_icl/retrieval/validation/ECDC_COVID/D/short/run_0 launch_id=selena_3458552 slurm_job_id=3458552 launched_at=2026-09-17T10:22:11.651179+00:00
[2026-09-17 10:22:11 UTC] extract_validation ECDC_COVID/D/short
TIME run allocation action=new run=/fslarge/scratch/users/h61084/codes/selectime/outputs/selectime/ts_icl/retrieval/validation/ECDC_COVID/W/short/run_0 launch_id=selena_3458552 slurm_job_id=3458552 launched_at=2026-09-17T10:22:11.744260+00:00
[2026-09-17 10:22:11 UTC] extract_validation ECDC_COVID/W/short
TIME run allocation action=new run=/fslarge/scratch/users/h61084/codes/selectime/outputs/selectime/ts_icl/retrieval/validation/Global_Influenza/W/short/run_0 launch_id=selena_3458552 slurm_job_id=3458552 launched_at=2026-09-17T10:22:11.795026+00:00
[2026-09-17 10:22:11 UTC] extract_validation Global_Influenza/W/short
TIME run allocation action=new run=/fslarge/scratch/users/h61084/codes/selectime/outputs/selectime/ts_icl/retrieval/validation/Crypto/D/short/run_0 launch_id=selena_3458552 slurm_job_id=3458552 launched_at=2026-09-17T10:22:11.918287+00:00
[2026-09-17 10:22:11 UTC] extract_validation Crypto/D/short
TIME run allocation action=new run=/fslarge/scratch/users/h61084/codes/selectime/outputs/selectime/ts_icl/retrieval/validation/US_Term_Structure/B/short/run_0 launch_id=selena_3458552 slurm_job_id=3458552 launched_at=2026-09-17T10:22:12.017629+00:00
[2026-09-17 10:22:12 UTC] extract_validation US_Term_Structure/B/short
TIME run allocation action=new run=/fslarge/scratch/users/h61084/codes/selectime/outputs/selectime/ts_icl/retrieval/validation/Oil_Price/B/short/run_0 launch_id=selena_3458552 slurm_job_id=3458552 launched_at=2026-09-17T10:22:29.005621+00:00
[2026-09-17 10:22:29 UTC] extract_validation Oil_Price/B/short
TIME run allocation action=new run=/fslarge/scratch/users/h61084/codes/selectime/outputs/selectime/ts_icl/retrieval/validation/Job_Claims/W/short/run_0 launch_id=selena_3458552 slurm_job_id=3458552 launched_at=2026-09-17T10:22:29.912364+00:00
[2026-09-17 10:22:29 UTC] extract_validation Job_Claims/W/short
TIME run allocation action=new run=/fslarge/scratch/users/h61084/codes/selectime/outputs/selectime/ts_icl/retrieval/validation/Uncertainty_1M/M/short/run_0 launch_id=selena_3458552 slurm_job_id=3458552 launched_at=2026-09-17T10:22:29.950087+00:00
[2026-09-17 10:22:29 UTC] extract_validation Uncertainty_1M/M/short
TIME run allocation action=new run=/fslarge/scratch/users/h61084/codes/selectime/outputs/selectime/ts_icl/retrieval/validation/Housing_Inventory/M/short/run_0 launch_id=selena_3458552 slurm_job_id=3458552 launched_at=2026-09-17T10:22:29.992498+00:00
[2026-09-17 10:22:29 UTC] extract_validation Housing_Inventory/M/short
TIME run allocation action=new run=/fslarge/scratch/users/h61084/codes/selectime/outputs/selectime/ts_icl/retrieval/validation/JOLTS/M/short/run_0 launch_id=selena_3458552 slurm_job_id=3458552 launched_at=2026-09-17T10:22:30.029164+00:00
[2026-09-17 10:22:30 UTC] extract_validation JOLTS/M/short
TIME run allocation action=new run=/fslarge/scratch/users/h61084/codes/selectime/outputs/selectime/ts_icl/retrieval/validation/US_Labor/M/short/run_0 launch_id=selena_3458552 slurm_job_id=3458552 launched_at=2026-09-17T10:22:30.068565+00:00
[2026-09-17 10:22:30 UTC] extract_validation US_Labor/M/short
TIME run allocation action=new run=/fslarge/scratch/users/h61084/codes/selectime/outputs/selectime/ts_icl/retrieval/validation/Vehicle_Supply/M/short/run_0 launch_id=selena_3458552 slurm_job_id=3458552 launched_at=2026-09-17T10:22:30.119185+00:00
[2026-09-17 10:22:30 UTC] extract_validation Vehicle_Supply/M/short
TIME run allocation action=new run=/fslarge/scratch/users/h61084/codes/selectime/outputs/selectime/ts_icl/retrieval/validation/Auto_Production_SF/M/short/run_0 launch_id=selena_3458552 slurm_job_id=3458552 launched_at=2026-09-17T10:22:30.161249+00:00
[2026-09-17 10:22:30 UTC] extract_validation Auto_Production_SF/M/short
TIME run allocation action=new run=/fslarge/scratch/users/h61084/codes/selectime/outputs/selectime/ts_icl/retrieval/validation/Commodity_Production/M/short/run_0 launch_id=selena_3458552 slurm_job_id=3458552 launched_at=2026-09-17T10:22:30.197466+00:00
[2026-09-17 10:22:30 UTC] extract_validation Commodity_Production/M/short
TIME run allocation action=new run=/fslarge/scratch/users/h61084/codes/selectime/outputs/selectime/ts_icl/retrieval/validation/Commodity_Import/M/short/run_0 launch_id=selena_3458552 slurm_job_id=3458552 launched_at=2026-09-17T10:22:30.322770+00:00
[2026-09-17 10:22:30 UTC] extract_validation Commodity_Import/M/short
TIME run allocation action=new run=/fslarge/scratch/users/h61084/codes/selectime/outputs/selectime/ts_icl/retrieval/validation/WUI_Global/Q/short/run_0 launch_id=selena_3458552 slurm_job_id=3458552 launched_at=2026-09-17T10:22:30.386805+00:00
[2026-09-17 10:22:30 UTC] extract_validation WUI_Global/Q/short
TIME run allocation action=new run=/fslarge/scratch/users/h61084/codes/selectime/outputs/selectime/ts_icl/retrieval/validation/Global_Price/Q/short/run_0 launch_id=selena_3458552 slurm_job_id=3458552 launched_at=2026-09-17T10:22:30.450713+00:00
[2026-09-17 10:22:30 UTC] extract_validation Global_Price/Q/short
TIME run allocation action=new run=/fslarge/scratch/users/h61084/codes/selectime/outputs/selectime/ts_icl/retrieval/validation/Vehicle_Sales/M/short/run_0 launch_id=selena_3458552 slurm_job_id=3458552 launched_at=2026-09-17T10:22:30.596198+00:00
[2026-09-17 10:22:30 UTC] extract_validation Vehicle_Sales/M/short
TIME run allocation action=new run=/fslarge/scratch/users/h61084/codes/selectime/outputs/selectime/ts_icl/retrieval/validation/Online_Retail_2_UCI/D/short/run_0 launch_id=selena_3458552 slurm_job_id=3458552 launched_at=2026-09-17T10:22:30.647513+00:00
[2026-09-17 10:22:30 UTC] extract_validation Online_Retail_2_UCI/D/short
TIME run allocation action=new run=/fslarge/scratch/users/h61084/codes/selectime/outputs/selectime/ts_icl/retrieval/validation/Supply_Chain_Customer/D/short/run_0 launch_id=selena_3458552 slurm_job_id=3458552 launched_at=2026-09-17T10:22:30.685038+00:00
[2026-09-17 10:22:30 UTC] extract_validation Supply_Chain_Customer/D/short
TIME run allocation action=new run=/fslarge/scratch/users/h61084/codes/selectime/outputs/selectime/ts_icl/retrieval/validation/Supply_Chain_Location/D/short/run_0 launch_id=selena_3458552 slurm_job_id=3458552 launched_at=2026-09-17T10:22:31.638015+00:00
[2026-09-17 10:22:31 UTC] extract_validation Supply_Chain_Location/D/short
TIME run allocation action=new run=/fslarge/scratch/users/h61084/codes/selectime/outputs/selectime/ts_icl/retrieval/validation/azure2019_U/5T/short/run_0 launch_id=selena_3458552 slurm_job_id=3458552 launched_at=2026-09-17T10:22:33.335598+00:00
[2026-09-17 10:22:33 UTC] extract_validation azure2019_U/5T/short
TIME run allocation action=new run=/fslarge/scratch/users/h61084/codes/selectime/outputs/selectime/ts_icl/retrieval/validation/Smart_Manufacturing/H/short/run_0 launch_id=selena_3458552 slurm_job_id=3458552 launched_at=2026-09-17T10:22:33.507965+00:00
[2026-09-17 10:22:33 UTC] extract_validation Smart_Manufacturing/H/short
TIME run allocation action=new run=/fslarge/scratch/users/h61084/codes/selectime/outputs/selectime/ts_icl/retrieval/validation/Smart_Manufacturing/H/medium/run_0 launch_id=selena_3458552 slurm_job_id=3458552 launched_at=2026-09-17T10:22:33.672885+00:00
[2026-09-17 10:22:33 UTC] extract_validation Smart_Manufacturing/H/medium
TIME run allocation action=new run=/fslarge/scratch/users/h61084/codes/selectime/outputs/selectime/ts_icl/retrieval/validation/Smart_Manufacturing/H/long/run_0 launch_id=selena_3458552 slurm_job_id=3458552 launched_at=2026-09-17T10:22:33.978151+00:00
[2026-09-17 10:22:33 UTC] extract_validation Smart_Manufacturing/H/long
TIME run allocation action=new run=/fslarge/scratch/users/h61084/codes/selectime/outputs/selectime/ts_icl/retrieval/validation/MetroPT-3/5T/short/run_0 launch_id=selena_3458552 slurm_job_id=3458552 launched_at=2026-09-17T10:22:34.112576+00:00
[2026-09-17 10:22:34 UTC] extract_validation MetroPT-3/5T/short
TIME run allocation action=new run=/fslarge/scratch/users/h61084/codes/selectime/outputs/selectime/ts_icl/retrieval/validation/MetroPT-3/5T/medium/run_0 launch_id=selena_3458552 slurm_job_id=3458552 launched_at=2026-09-17T10:22:34.852476+00:00
[2026-09-17 10:22:34 UTC] extract_validation MetroPT-3/5T/medium
TIME run allocation action=new run=/fslarge/scratch/users/h61084/codes/selectime/outputs/selectime/ts_icl/retrieval/validation/MetroPT-3/5T/long/run_0 launch_id=selena_3458552 slurm_job_id=3458552 launched_at=2026-09-17T10:22:35.025736+00:00
[2026-09-17 10:22:35 UTC] extract_validation MetroPT-3/5T/long
[2026-09-17 10:22:37 UTC] Slurm=3458552 launch=selena_3458552 stage=predict_validation prediction_group=vanilla
[2026-09-17 10:22:39 UTC] dataset_config=/fssmall/home/h61084/codes/selectime/src/timebench/config/datasets.yaml applied_keys=datasets,selectime_tasks tasks=90
[2026-09-17 10:22:39 UTC] stage=predict_validation tasks=90 seed=0 Slurm=3458552
[2026-09-17 12:22:40,453][datasets][INFO] - PyTorch version 2.9.1 available.
TIME run allocation action=new run=/fslarge/scratch/users/h61084/codes/selectime/outputs/selectime/ts_icl/predictions/validation/vanilla_univariate/Water_Quality_Darwin/15T/short/run_0 launch_id=selena_3458552 slurm_job_id=3458552 launched_at=2026-09-17T10:22:41.159332+00:00
[2026-09-17 10:22:41 UTC] predict_validation method=vanilla_univariate Water_Quality_Darwin/15T/short
